Component: ARM Compiler 5.06 update 3 (build 300) Tool: armlink [4d35c9]

==============================================================================

Section Cross References

    startup_stm32f042x6.o(RESET) refers to startup_stm32f042x6.o(STACK) for __initial_sp
    startup_stm32f042x6.o(RESET) refers to startup_stm32f042x6.o(.text) for Reset_Handler
    startup_stm32f042x6.o(RESET) refers to stm32f0xx_it.o(i.NMI_Handler) for NMI_Handler
    startup_stm32f042x6.o(RESET) refers to stm32f0xx_it.o(i.HardFault_Handler) for HardFault_Handler
    startup_stm32f042x6.o(RESET) refers to stm32f0xx_it.o(i.SVC_Handler) for SVC_Handler
    startup_stm32f042x6.o(RESET) refers to stm32f0xx_it.o(i.PendSV_Handler) for PendSV_Handler
    startup_stm32f042x6.o(RESET) refers to stm32f0xx_it.o(i.SysTick_Handler) for SysTick_Handler
    startup_stm32f042x6.o(RESET) refers to stm32f0xx_it.o(i.TIM3_IRQHandler) for TIM3_IRQHandler
    startup_stm32f042x6.o(RESET) refers to stm32f0xx_it.o(i.TIM14_IRQHandler) for TIM14_IRQHandler
    startup_stm32f042x6.o(RESET) refers to stm32f0xx_it.o(i.SPI1_IRQHandler) for SPI1_IRQHandler
    startup_stm32f042x6.o(RESET) refers to stm32f0xx_it.o(i.USART1_IRQHandler) for USART1_IRQHandler
    startup_stm32f042x6.o(RESET) refers to stm32f0xx_it.o(i.USB_IRQHandler) for USB_IRQHandler
    startup_stm32f042x6.o(.text) refers to startup_stm32f042x6.o(STACK) for __initial_sp
    startup_stm32f042x6.o(.text) refers to system_stm32f0xx.o(i.SystemInit) for SystemInit
    startup_stm32f042x6.o(.text) refers to entry.o(.ARM.Collect$$$$00000000) for __main
    usbd_ioreq.o(i.USBD_CtlContinueRx) refers to usbd_conf.o(i.USBD_LL_PrepareReceive) for USBD_LL_PrepareReceive
    usbd_ioreq.o(i.USBD_CtlContinueSendData) refers to usbd_conf.o(i.USBD_LL_Transmit) for USBD_LL_Transmit
    usbd_ioreq.o(i.USBD_CtlPrepareRx) refers to usbd_conf.o(i.USBD_LL_PrepareReceive) for USBD_LL_PrepareReceive
    usbd_ioreq.o(i.USBD_CtlReceiveStatus) refers to usbd_conf.o(i.USBD_LL_PrepareReceive) for USBD_LL_PrepareReceive
    usbd_ioreq.o(i.USBD_CtlSendData) refers to usbd_conf.o(i.USBD_LL_Transmit) for USBD_LL_Transmit
    usbd_ioreq.o(i.USBD_CtlSendStatus) refers to usbd_conf.o(i.USBD_LL_Transmit) for USBD_LL_Transmit
    usbd_ioreq.o(i.USBD_GetRxCount) refers to usbd_conf.o(i.USBD_LL_GetRxDataSize) for USBD_LL_GetRxDataSize
    usbd_cdc.o(i.USBD_CDC_DataOut) refers to usbd_conf.o(i.USBD_LL_GetRxDataSize) for USBD_LL_GetRxDataSize
    usbd_cdc.o(i.USBD_CDC_DeInit) refers to usbd_conf.o(i.USBD_LL_CloseEP) for USBD_LL_CloseEP
    usbd_cdc.o(i.USBD_CDC_DeInit) refers to usbd_conf.o(i.USBD_static_free) for USBD_static_free
    usbd_cdc.o(i.USBD_CDC_GetDeviceQualifierDescriptor) refers to usbd_cdc.o(.data) for .data
    usbd_cdc.o(i.USBD_CDC_GetFSCfgDesc) refers to usbd_cdc.o(.data) for .data
    usbd_cdc.o(i.USBD_CDC_GetHSCfgDesc) refers to usbd_cdc.o(.data) for .data
    usbd_cdc.o(i.USBD_CDC_GetOtherSpeedCfgDesc) refers to usbd_cdc.o(.data) for .data
    usbd_cdc.o(i.USBD_CDC_Init) refers to usbd_conf.o(i.USBD_LL_OpenEP) for USBD_LL_OpenEP
    usbd_cdc.o(i.USBD_CDC_Init) refers to usbd_conf.o(i.USBD_static_malloc) for USBD_static_malloc
    usbd_cdc.o(i.USBD_CDC_Init) refers to usbd_conf.o(i.USBD_LL_PrepareReceive) for USBD_LL_PrepareReceive
    usbd_cdc.o(i.USBD_CDC_ReceivePacket) refers to usbd_conf.o(i.USBD_LL_PrepareReceive) for USBD_LL_PrepareReceive
    usbd_cdc.o(i.USBD_CDC_Setup) refers to usbd_ioreq.o(i.USBD_CtlPrepareRx) for USBD_CtlPrepareRx
    usbd_cdc.o(i.USBD_CDC_Setup) refers to usbd_ioreq.o(i.USBD_CtlSendData) for USBD_CtlSendData
    usbd_cdc.o(i.USBD_CDC_Setup) refers to usbd_cdc.o(.data) for .data
    usbd_cdc.o(i.USBD_CDC_TransmitPacket) refers to usbd_conf.o(i.USBD_LL_Transmit) for USBD_LL_Transmit
    usbd_cdc.o(.data) refers to usbd_cdc.o(i.USBD_CDC_Init) for USBD_CDC_Init
    usbd_cdc.o(.data) refers to usbd_cdc.o(i.USBD_CDC_DeInit) for USBD_CDC_DeInit
    usbd_cdc.o(.data) refers to usbd_cdc.o(i.USBD_CDC_Setup) for USBD_CDC_Setup
    usbd_cdc.o(.data) refers to usbd_cdc.o(i.USBD_CDC_EP0_RxReady) for USBD_CDC_EP0_RxReady
    usbd_cdc.o(.data) refers to usbd_cdc.o(i.USBD_CDC_DataIn) for USBD_CDC_DataIn
    usbd_cdc.o(.data) refers to usbd_cdc.o(i.USBD_CDC_DataOut) for USBD_CDC_DataOut
    usbd_cdc.o(.data) refers to usbd_cdc.o(i.USBD_CDC_GetHSCfgDesc) for USBD_CDC_GetHSCfgDesc
    usbd_cdc.o(.data) refers to usbd_cdc.o(i.USBD_CDC_GetFSCfgDesc) for USBD_CDC_GetFSCfgDesc
    usbd_cdc.o(.data) refers to usbd_cdc.o(i.USBD_CDC_GetOtherSpeedCfgDesc) for USBD_CDC_GetOtherSpeedCfgDesc
    usbd_cdc.o(.data) refers to usbd_cdc.o(i.USBD_CDC_GetDeviceQualifierDescriptor) for USBD_CDC_GetDeviceQualifierDescriptor
    usbd_core.o(i.USBD_DeInit) refers to usbd_conf.o(i.USBD_LL_Stop) for USBD_LL_Stop
    usbd_core.o(i.USBD_DeInit) refers to usbd_conf.o(i.USBD_LL_DeInit) for USBD_LL_DeInit
    usbd_core.o(i.USBD_Init) refers to usbd_conf.o(i.USBD_LL_Init) for USBD_LL_Init
[...]
    ..\Src\main.c                            0x00000000   Number         0  main.o ABSOLUTE
    ..\Src\spi.c                             0x00000000   Number         0  spi.o ABSOLUTE
    ..\Src\stm32f0xx_hal_msp.c               0x00000000   Number         0  stm32f0xx_hal_msp.o ABSOLUTE
    ..\Src\stm32f0xx_it.c                    0x00000000   Number         0  stm32f0xx_it.o ABSOLUTE
    ..\Src\tim.c                             0x00000000   Number         0  tim.o ABSOLUTE
    ..\Src\usart.c                           0x00000000   Number         0  usart.o ABSOLUTE
    ..\Src\usb_device.c                      0x00000000   Number         0  usb_device.o ABSOLUTE
    ..\Src\usbd_cdc_if.c                     0x00000000   Number         0  usbd_cdc_if.o ABSOLUTE
    ..\Src\usbd_conf.c                       0x00000000   Number         0  usbd_conf.o ABSOLUTE
    ..\Src\usbd_custom_hid_if.c              0x00000000   Number         0  usbd_custom_hid_if.o ABSOLUTE
    ..\Src\usbd_desc.c                       0x00000000   Number         0  usbd_desc.o ABSOLUTE
    ..\\Middlewares\\ST\\STM32_USB_Device_Library\\Class\\Composite_CDC_CHID\\Src\\usbd_cdc_hid.c 0x00000000   Number         0  usbd_cdc_hid.o ABSOLUTE
    ..\\Middlewares\\ST\\STM32_USB_Device_Library\\Class\\CustomHID\\Src\\usbd_customhid.c 0x00000000   Number         0  usbd_customhid.o ABSOLUTE
    ..\\Src\\Handler.c                       0x00000000   Number         0  handler.o ABSOLUTE
    ..\\Src\\usbd_custom_hid_if.c            0x00000000   Number         0  usbd_custom_hid_if.o ABSOLUTE
    dc.s                                     0x00000000   Number         0  dc.o ABSOLUTE
    handlers.s                               0x00000000   Number         0  handlers.o ABSOLUTE
    init.s                                   0x00000000   Number         0  init.o ABSOLUTE
    startup_stm32f042x6.s                    0x00000000   Number         0  startup_stm32f042x6.o ABSOLUTE
    RESET                                    0x08000000   Section      192  startup_stm32f042x6.o(RESET)
    .ARM.Collect$$$$00000000                 0x080000c0   Section        0  entry.o(.ARM.Collect$$$$00000000)
    .ARM.Collect$$$$00000001                 0x080000c0   Section        4  entry2.o(.ARM.Collect$$$$00000001)
    .ARM.Collect$$$$00000004                 0x080000c4   Section        4  entry5.o(.ARM.Collect$$$$00000004)
    .ARM.Collect$$$$00000008                 0x080000c8   Section        0  entry7b.o(.ARM.Collect$$$$00000008)
    .ARM.Collect$$$$0000000A                 0x080000c8   Section        0  entry8b.o(.ARM.Collect$$$$0000000A)
    .ARM.Collect$$$$0000000B                 0x080000c8   Section        8  entry9a.o(.ARM.Collect$$$$0000000B)
    .ARM.Collect$$$$0000000D                 0x080000d0   Section        0  entry10a.o(.ARM.Collect$$$$0000000D)
    .ARM.Collect$$$$0000000F                 0x080000d0   Section        0  entry11a.o(.ARM.Collect$$$$0000000F)
    .ARM.Collect$$$$00002712                 0x080000d0   Section        4  entry2.o(.ARM.Collect$$$$00002712)
    __lit__00000000                          0x080000d0   Data           4  entry2.o(.ARM.Collect$$$$00002712)
    .text                                    0x080000d4   Section       88  startup_stm32f042x6.o(.text)
    .text                                    0x0800012c   Section        0  uidiv.o(.text)
    .text                                    0x08000158   Section        0  memseta.o(.text)
    .text                                    0x0800017c   Section       36  init.o(.text)
    .text                                    0x080001a0   Section        0  __dczerorl2.o(.text)
    i.CDC_Control_FS                         0x080001f6   Section        0  usbd_cdc_if.o(i.CDC_Control_FS)
    CDC_Control_FS                           0x080001f7   Thumb Code     4  usbd_cdc_if.o(i.CDC_Control_FS)
    i.CDC_DeInit_FS                          0x080001fa   Section        0  usbd_cdc_if.o(i.CDC_DeInit_FS)
    CDC_DeInit_FS                            0x080001fb   Thumb Code     4  usbd_cdc_if.o(i.CDC_DeInit_FS)
    i.CDC_Init_FS                            0x08000200   Section        0  usbd_cdc_if.o(i.CDC_Init_FS)
    CDC_Init_FS                              0x08000201   Thumb Code    26  usbd_cdc_if.o(i.CDC_Init_FS)
    i.CDC_Receive_FS                         0x08000224   Section        0  usbd_cdc_if.o(i.CDC_Receive_FS)
    CDC_Receive_FS                           0x08000225   Thumb Code    58  usbd_cdc_if.o(i.CDC_Receive_FS)
    i.CDC_Transmit_FS                        0x08000270   Section        0  usbd_cdc_if.o(i.CDC_Transmit_FS)
    i.CUSTOM_HID_DeInit_FS                   0x0800029c   Section        0  usbd_custom_hid_if.o(i.CUSTOM_HID_DeInit_FS)
    CUSTOM_HID_DeInit_FS                     0x0800029d   Thumb Code     4  usbd_custom_hid_if.o(i.CUSTOM_HID_DeInit_FS)
    i.CUSTOM_HID_Init_FS                     0x080002a0   Section        0  usbd_custom_hid_if.o(i.CUSTOM_HID_Init_FS)
    CUSTOM_HID_Init_FS                       0x080002a1   Thumb Code     4  usbd_custom_hid_if.o(i.CUSTOM_HID_Init_FS)
    i.CUSTOM_HID_OutEvent_FS                 0x080002a4   Section        0  usbd_custom_hid_if.o(i.CUSTOM_HID_OutEvent_FS)
    CUSTOM_HID_OutEvent_FS                   0x080002a5   Thumb Code   188  usbd_custom_hid_if.o(i.CUSTOM_HID_OutEvent_FS)
    i.Error_Handler                          0x08000384   Section        0  main.o(i.Error_Handler)
    i.HAL_Delay                              0x08000386   Section        0  stm32f0xx_hal.o(i.HAL_Delay)
    i.HAL_GPIO_Init                          0x0800039c   Section        0  stm32f0xx_hal_gpio.o(i.HAL_GPIO_Init)
    i.HAL_GPIO_WritePin                      0x080004d8   Section        0  stm32f0xx_hal_gpio.o(i.HAL_GPIO_WritePin)
    i.HAL_GetTick                            0x080004e4   Section        0  stm32f0xx_hal.o(i.HAL_GetTick)
    i.HAL_IncTick                            0x080004f0   Section        0  stm32f0xx_hal.o(i.HAL_IncTick)
    i.HAL_Init                               0x08000500   Section        0  stm32f0xx_hal.o(i.HAL_Init)
    i.HAL_InitTick                           0x08000520   Section        0  stm32f0xx_hal.o(i.HAL_InitTick)
    i.HAL_MspInit                            0x08000544   Section        0  stm32f0xx_hal_msp.o(i.HAL_MspInit)
    i.HAL_NVIC_EnableIRQ                     0x0800057c   Section        0  stm32f0xx_hal_cortex.o(i.HAL_NVIC_EnableIRQ)
    i.HAL_NVIC_SetPriority                   0x08000590   Section        0  stm32f0xx_hal_cortex.o(i.HAL_NVIC_SetPriority)
    i.HAL_PCDEx_PMAConfig                    0x08000598   Section        0  stm32f0xx_hal_pcd_ex.o(i.HAL_PCDEx_PMAConfig)
    i.HAL_PCD_DataInStageCallback            0x080005d2   Section        0  usbd_conf.o(i.HAL_PCD_DataInStageCallback)
    i.HAL_PCD_DataOutStageCallback           0x080005ea   Section        0  usbd_conf.o(i.HAL_PCD_DataOutStageCallback)
    i.HAL_PCD_EP_Close                       0x08000608   Section        0  stm32f0xx_hal_pcd.o(i.HAL_PCD_EP_Close)
    i.HAL_PCD_EP_ClrStall                    0x08000770   Section        0  stm32f0xx_hal_pcd.o(i.HAL_PCD_EP_ClrStall)
    i.HAL_PCD_EP_GetRxCount                  0x08000824   Section        0  stm32f0xx_hal_pcd.o(i.HAL_PCD_EP_GetRxCount)
    i.HAL_PCD_EP_Open                        0x08000838   Section        0  stm32f0xx_hal_pcd.o(i.HAL_PCD_EP_Open)
    i.HAL_PCD_EP_Receive                     0x08000adc   Section        0  stm32f0xx_hal_pcd.o(i.HAL_PCD_EP_Receive)
    i.HAL_PCD_EP_SetStall                    0x08000c14   Section        0  stm32f0xx_hal_pcd.o(i.HAL_PCD_EP_SetStall)
    i.HAL_PCD_EP_Transmit                    0x08000ca8   Section        0  stm32f0xx_hal_pcd.o(i.HAL_PCD_EP_Transmit)
    i.HAL_PCD_IRQHandler                     0x08000e34   Section        0  stm32f0xx_hal_pcd.o(i.HAL_PCD_IRQHandler)
    i.HAL_PCD_Init                           0x08000f40   Section        0  stm32f0xx_hal_pcd.o(i.HAL_PCD_Init)
    i.HAL_PCD_MspInit                        0x08000fdc   Section        0  usbd_conf.o(i.HAL_PCD_MspInit)
    i.HAL_PCD_ResetCallback                  0x08001014   Section        0  usbd_conf.o(i.HAL_PCD_ResetCallback)
    i.HAL_PCD_ResumeCallback                 0x0800102c   Section        0  usbd_conf.o(i.HAL_PCD_ResumeCallback)
    i.HAL_PCD_SOFCallback                    0x08001058   Section        0  usbd_conf.o(i.HAL_PCD_SOFCallback)
    i.HAL_PCD_SetAddress                     0x08001068   Section        0  stm32f0xx_hal_pcd.o(i.HAL_PCD_SetAddress)
    i.HAL_PCD_SetupStageCallback             0x08001094   Section        0  usbd_conf.o(i.HAL_PCD_SetupStageCallback)
    i.HAL_PCD_Start                          0x080010aa   Section        0  stm32f0xx_hal_pcd.o(i.HAL_PCD_Start)
    i.HAL_PCD_SuspendCallback                0x080010bc   Section        0  usbd_conf.o(i.HAL_PCD_SuspendCallback)
    i.HAL_RCCEx_PeriphCLKConfig              0x080010e4   Section        0  stm32f0xx_hal_rcc_ex.o(i.HAL_RCCEx_PeriphCLKConfig)
    i.HAL_RCC_ClockConfig                    0x080011f0   Section        0  stm32f0xx_hal_rcc.o(i.HAL_RCC_ClockConfig)
    i.HAL_RCC_GetHCLKFreq                    0x08001344   Section        0  stm32f0xx_hal_rcc.o(i.HAL_RCC_GetHCLKFreq)
    i.HAL_RCC_GetPCLK1Freq                   0x08001350   Section        0  stm32f0xx_hal_rcc.o(i.HAL_RCC_GetPCLK1Freq)
    i.HAL_RCC_GetSysClockFreq                0x08001370   Section        0  stm32f0xx_hal_rcc.o(i.HAL_RCC_GetSysClockFreq)
    i.HAL_RCC_OscConfig                      0x080013f8   Section        0  stm32f0xx_hal_rcc.o(i.HAL_RCC_OscConfig)
    i.HAL_SPI_ErrorCallback                  0x080017d0   Section        0  stm32f0xx_hal_spi.o(i.HAL_SPI_ErrorCallback)
    i.HAL_SPI_IRQHandler                     0x080017d2   Section        0  stm32f0xx_hal_spi.o(i.HAL_SPI_IRQHandler)
    i.HAL_SPI_Init                           0x0800185c   Section        0  stm32f0xx_hal_spi.o(i.HAL_SPI_Init)
    i.HAL_SPI_MspInit                        0x0800192c   Section        0  spi.o(i.HAL_SPI_MspInit)
    i.HAL_SPI_TransmitReceive                0x08001980   Section        0  stm32f0xx_hal_spi.o(i.HAL_SPI_TransmitReceive)
    i.HAL_SYSTICK_CLKSourceConfig            0x08001c50   Section        0  stm32f0xx_hal_cortex.o(i.HAL_SYSTICK_CLKSourceConfig)
    i.HAL_SYSTICK_Callback                   0x08001c68   Section        0  stm32f0xx_hal_cortex.o(i.HAL_SYSTICK_Callback)
    i.HAL_SYSTICK_Config                     0x08001c6c   Section        0  stm32f0xx_hal_cortex.o(i.HAL_SYSTICK_Config)
    i.HAL_SYSTICK_IRQHandler                 0x08001c9c   Section        0  stm32f0xx_hal_cortex.o(i.HAL_SYSTICK_IRQHandler)
    i.HAL_TIMEx_BreakCallback                0x08001ca4   Section        0  stm32f0xx_hal_tim_ex.o(i.HAL_TIMEx_BreakCallback)
    i.HAL_TIMEx_CommutationCallback          0x08001ca6   Section        0  stm32f0xx_hal_tim_ex.o(i.HAL_TIMEx_CommutationCallback)
    i.HAL_TIMEx_MasterConfigSynchronization  0x08001ca8   Section        0  stm32f0xx_hal_tim_ex.o(i.HAL_TIMEx_MasterConfigSynchronization)
    i.HAL_TIM_Base_Init                      0x08001cf0   Section        0  stm32f0xx_hal_tim.o(i.HAL_TIM_Base_Init)
    i.HAL_TIM_Base_MspInit                   0x08001d24   Section        0  tim.o(i.HAL_TIM_Base_MspInit)
    i.HAL_TIM_Base_Start_IT                  0x08001d80   Section        0  stm32f0xx_hal_tim.o(i.HAL_TIM_Base_Start_IT)
    i.HAL_TIM_ConfigClockSource              0x08001d96   Section        0  stm32f0xx_hal_tim.o(i.HAL_TIM_ConfigClockSource)
    i.HAL_TIM_IC_CaptureCallback             0x08001e84   Section        0  stm32f0xx_hal_tim.o(i.HAL_TIM_IC_CaptureCallback)
    i.HAL_TIM_IRQHandler                     0x08001e86   Section        0  stm32f0xx_hal_tim.o(i.HAL_TIM_IRQHandler)
    i.HAL_TIM_MspPostInit                    0x08001fe8   Section        0  tim.o(i.HAL_TIM_MspPostInit)
    i.HAL_TIM_OC_DelayElapsedCallback        0x0800201c   Section        0  stm32f0xx_hal_tim.o(i.HAL_TIM_OC_DelayElapsedCallback)
    i.HAL_TIM_PWM_ConfigChannel              0x0800201e   Section        0  stm32f0xx_hal_tim.o(i.HAL_TIM_PWM_ConfigChannel)
    i.HAL_TIM_PWM_Init                       0x080020ee   Section        0  stm32f0xx_hal_tim.o(i.HAL_TIM_PWM_Init)
    i.HAL_TIM_PWM_MspInit                    0x08002122   Section        0  stm32f0xx_hal_tim.o(i.HAL_TIM_PWM_MspInit)
    i.HAL_TIM_PWM_PulseFinishedCallback      0x08002124   Section        0  stm32f0xx_hal_tim.o(i.HAL_TIM_PWM_PulseFinishedCallback)
    i.HAL_TIM_PWM_Start                      0x08002128   Section        0  stm32f0xx_hal_tim.o(i.HAL_TIM_PWM_Start)
    i.HAL_TIM_PeriodElapsedCallback          0x0800216c   Section        0  main.o(i.HAL_TIM_PeriodElapsedCallback)
    i.HAL_TIM_TriggerCallback                0x0800216e   Section        0  stm32f0xx_hal_tim.o(i.HAL_TIM_TriggerCallback)
    i.HAL_UART_Init                          0x08002170   Section        0  stm32f0xx_hal_uart.o(i.HAL_UART_Init)
    i.HAL_UART_MspInit                       0x080021dc   Section        0  usart.o(i.HAL_UART_MspInit)
    i.HAL_UART_Receive_IT                    0x08002234   Section        0  stm32f0xx_hal_uart.o(i.HAL_UART_Receive_IT)
    i.HAL_UART_RxCpltCallback                0x080022dc   Section        0  stm32f0xx_hal_uart.o(i.HAL_UART_RxCpltCallback)
    i.HAL_UART_Transmit                      0x080022de   Section        0  stm32f0xx_hal_uart.o(i.HAL_UART_Transmit)
    i.HAL_UART_TxCpltCallback                0x0800238e   Section        0  stm32f0xx_hal_uart.o(i.HAL_UART_TxCpltCallback)
    i.HardFault_Handler                      0x08002390   Section        0  stm32f0xx_it.o(i.HardFault_Handler)
    i.MX_GPIO_Init                           0x08002394   Section        0  gpio.o(i.MX_GPIO_Init)
    i.MX_SPI1_Init                           0x0800240c   Section        0  spi.o(i.MX_SPI1_Init)
    i.MX_TIM14_Init                          0x08002458   Section        0  tim.o(i.MX_TIM14_Init)
    i.MX_TIM3_Init                           0x0800248c   Section        0  tim.o(i.MX_TIM3_Init)
    i.MX_USART1_UART_Init                    0x0800252c   Section        0  usart.o(i.MX_USART1_UART_Init)
    i.MX_USB_DEVICE_Init                     0x0800256c   Section        0  usb_device.o(i.MX_USB_DEVICE_Init)
    i.NMI_Handler                            0x0800259c   Section        0  stm32f0xx_it.o(i.NMI_Handler)
    i.NVIC_SetPriority                       0x080025a0   Section        0  stm32f0xx_hal_cortex.o(i.NVIC_SetPriority)
    NVIC_SetPriority                         0x080025a1   Thumb Code    60  stm32f0xx_hal_cortex.o(i.NVIC_SetPriority)
    i.PCD_EP_ISR_Handler                     0x080025e4   Section        0  stm32f0xx_hal_pcd.o(i.PCD_EP_ISR_Handler)
    PCD_EP_ISR_Handler                       0x080025e5   Thumb Code   802  stm32f0xx_hal_pcd.o(i.PCD_EP_ISR_Handler)
    i.PCD_ReadPMA                            0x0800291c   Section        0  stm32f0xx_hal_pcd.o(i.PCD_ReadPMA)
    i.PCD_WritePMA                           0x0800293a   Section        0  stm32f0xx_hal_pcd.o(i.PCD_WritePMA)
    i.PendSV_Handler                         0x08002960   Section        0  stm32f0xx_it.o(i.PendSV_Handler)
    i.SPI1_IRQHandler                        0x08002964   Section        0  stm32f0xx_it.o(i.SPI1_IRQHandler)
    i.SPI_EndRxTxTransaction                 0x08002974   Section        0  stm32f0xx_hal_spi.o(i.SPI_EndRxTxTransaction)
    SPI_EndRxTxTransaction                   0x08002975   Thumb Code    50  stm32f0xx_hal_spi.o(i.SPI_EndRxTxTransaction)
    i.SPI_WaitFifoStateUntilTimeout          0x080029a8   Section        0  stm32f0xx_hal_spi.o(i.SPI_WaitFifoStateUntilTimeout)
    SPI_WaitFifoStateUntilTimeout            0x080029a9   Thumb Code   158  stm32f0xx_hal_spi.o(i.SPI_WaitFifoStateUntilTimeout)
    i.SPI_WaitFlagStateUntilTimeout          0x08002a4c   Section        0  stm32f0xx_hal_spi.o(i.SPI_WaitFlagStateUntilTimeout)
    SPI_WaitFlagStateUntilTimeout            0x08002a4d   Thumb Code   138  stm32f0xx_hal_spi.o(i.SPI_WaitFlagStateUntilTimeout)
    i.SVC_Handler                            0x08002adc   Section        0  stm32f0xx_it.o(i.SVC_Handler)
    i.SysTick_Handler                        0x08002ade   Section        0  stm32f0xx_it.o(i.SysTick_Handler)
    i.SystemClock_Config                     0x08002aec   Section        0  main.o(i.SystemClock_Config)
    i.SystemInit                             0x08002b6c   Section        0  system_stm32f0xx.o(i.SystemInit)
    i.TIM14_IRQHandler                       0x08002bc8   Section        0  stm32f0xx_it.o(i.TIM14_IRQHandler)
    i.TIM3_IRQHandler                        0x08002bd8   Section        0  stm32f0xx_it.o(i.TIM3_IRQHandler)
    i.TIM_Base_SetConfig                     0x08002be8   Section        0  stm32f0xx_hal_tim.o(i.TIM_Base_SetConfig)
    i.TIM_CCxChannelCmd                      0x08002c64   Section        0  stm32f0xx_hal_tim.o(i.TIM_CCxChannelCmd)
    i.TIM_ETR_SetConfig                      0x08002c7a   Section        0  stm32f0xx_hal_tim.o(i.TIM_ETR_SetConfig)
    i.TIM_ITRx_SetConfig                     0x08002c90   Section        0  stm32f0xx_hal_tim.o(i.TIM_ITRx_SetConfig)
    TIM_ITRx_SetConfig                       0x08002c91   Thumb Code    16  stm32f0xx_hal_tim.o(i.TIM_ITRx_SetConfig)
    i.TIM_OC1_SetConfig                      0x08002ca0   Section        0  stm32f0xx_hal_tim.o(i.TIM_OC1_SetConfig)
    TIM_OC1_SetConfig                        0x08002ca1   Thumb Code   108  stm32f0xx_hal_tim.o(i.TIM_OC1_SetConfig)
    i.TIM_OC2_SetConfig                      0x08002d18   Section        0  stm32f0xx_hal_tim.o(i.TIM_OC2_SetConfig)
    i.TIM_OC3_SetConfig                      0x08002d8c   Section        0  stm32f0xx_hal_tim.o(i.TIM_OC3_SetConfig)
    TIM_OC3_SetConfig                        0x08002d8d   Thumb Code   106  stm32f0xx_hal_tim.o(i.TIM_OC3_SetConfig)
    i.TIM_OC4_SetConfig                      0x08002e04   Section        0  stm32f0xx_hal_tim.o(i.TIM_OC4_SetConfig)
    TIM_OC4_SetConfig                        0x08002e05   Thumb Code    84  stm32f0xx_hal_tim.o(i.TIM_OC4_SetConfig)
    i.TIM_TI1_ConfigInputStage               0x08002e64   Section        0  stm32f0xx_hal_tim.o(i.TIM_TI1_ConfigInputStage)
    TIM_TI1_ConfigInputStage                 0x08002e65   Thumb Code    34  stm32f0xx_hal_tim.o(i.TIM_TI1_ConfigInputStage)
    i.TIM_TI2_ConfigInputStage               0x08002e86   Section        0  stm32f0xx_hal_tim.o(i.TIM_TI2_ConfigInputStage)
    TIM_TI2_ConfigInputStage                 0x08002e87   Thumb Code    38  stm32f0xx_hal_tim.o(i.TIM_TI2_ConfigInputStage)
    i.UART_AdvFeatureConfig                  0x08002eac   Section        0  stm32f0xx_hal_uart.o(i.UART_AdvFeatureConfig)
    i.UART_CheckIdleState                    0x08002f78   Section        0  stm32f0xx_hal_uart.o(i.UART_CheckIdleState)
    i.UART_EndTransmit_IT                    0x08002fd8   Section        0  stm32f0xx_hal_uart.o(i.UART_EndTransmit_IT)
    i.UART_SetConfig                         0x08002ff4   Section        0  stm32f0xx_hal_uart.o(i.UART_SetConfig)
    i.UART_Transmit_IT                       0x08003124   Section        0  stm32f0xx_hal_uart.o(i.UART_Transmit_IT)
    i.UART_WaitOnFlagUntilTimeout            0x0800318a   Section        0  stm32f0xx_hal_uart.o(i.UART_WaitOnFlagUntilTimeout)
    i.USART1_IRQHandler                      0x0800323c   Section        0  stm32f0xx_it.o(i.USART1_IRQHandler)
    i.USBD_CDC_DataIn                        0x0800324c   Section        0  usbd_cdc.o(i.USBD_CDC_DataIn)
    i.USBD_CDC_DataOut                       0x08003264   Section        0  usbd_cdc.o(i.USBD_CDC_DataOut)
    i.USBD_CDC_DeInit                        0x08003292   Section        0  usbd_cdc.o(i.USBD_CDC_DeInit)
    i.USBD_CDC_EP0_RxReady                   0x080032d0   Section        0  usbd_cdc.o(i.USBD_CDC_EP0_RxReady)
    i.USBD_CDC_HID_DataIn                    0x080032fa   Section        0  usbd_cdc_hid.o(i.USBD_CDC_HID_DataIn)
    USBD_CDC_HID_DataIn                      0x080032fb   Thumb Code    18  usbd_cdc_hid.o(i.USBD_CDC_HID_DataIn)
    i.USBD_CDC_HID_DataOut                   0x0800330c   Section        0  usbd_cdc_hid.o(i.USBD_CDC_HID_DataOut)
    USBD_CDC_HID_DataOut                     0x0800330d   Thumb Code    18  usbd_cdc_hid.o(i.USBD_CDC_HID_DataOut)
    i.USBD_CDC_HID_DeInit                    0x0800331e   Section        0  usbd_cdc_hid.o(i.USBD_CDC_HID_DeInit)
    USBD_CDC_HID_DeInit                      0x0800331f   Thumb Code    22  usbd_cdc_hid.o(i.USBD_CDC_HID_DeInit)
    i.USBD_CDC_HID_EP0_RxReady               0x08003334   Section        0  usbd_cdc_hid.o(i.USBD_CDC_HID_EP0_RxReady)
    USBD_CDC_HID_EP0_RxReady                 0x08003335   Thumb Code    18  usbd_cdc_hid.o(i.USBD_CDC_HID_EP0_RxReady)
    i.USBD_CDC_HID_GetCfgDesc                0x08003348   Section        0  usbd_cdc_hid.o(i.USBD_CDC_HID_GetCfgDesc)
    USBD_CDC_HID_GetCfgDesc                  0x08003349   Thumb Code     8  usbd_cdc_hid.o(i.USBD_CDC_HID_GetCfgDesc)
    i.USBD_CDC_HID_GetDeviceQualifierDesc    0x08003354   Section        0  usbd_cdc_hid.o(i.USBD_CDC_HID_GetDeviceQualifierDesc)
    USBD_CDC_HID_GetDeviceQualifierDesc      0x08003355   Thumb Code     8  usbd_cdc_hid.o(i.USBD_CDC_HID_GetDeviceQualifierDesc)
    i.USBD_CDC_HID_Init                      0x08003360   Section        0  usbd_cdc_hid.o(i.USBD_CDC_HID_Init)
    USBD_CDC_HID_Init                        0x08003361   Thumb Code    22  usbd_cdc_hid.o(i.USBD_CDC_HID_Init)
    i.USBD_CDC_HID_RegisterInterface         0x08003378   Section        0  usbd_cdc_hid.o(i.USBD_CDC_HID_RegisterInterface)
    i.USBD_CDC_HID_Setup                     0x080033a8   Section        0  usbd_cdc_hid.o(i.USBD_CDC_HID_Setup)
    USBD_CDC_HID_Setup                       0x080033a9   Thumb Code    20  usbd_cdc_hid.o(i.USBD_CDC_HID_Setup)
    i.USBD_CDC_Init                          0x080033bc   Section        0  usbd_cdc.o(i.USBD_CDC_Init)
    i.USBD_CDC_ReceivePacket                 0x08003420   Section        0  usbd_cdc.o(i.USBD_CDC_ReceivePacket)
    i.USBD_CDC_RegisterInterface             0x08003440   Section        0  usbd_cdc.o(i.USBD_CDC_RegisterInterface)
    i.USBD_CDC_SetRxBuffer                   0x08003456   Section        0  usbd_cdc.o(i.USBD_CDC_SetRxBuffer)
    i.USBD_CDC_SetTxBuffer                   0x08003464   Section        0  usbd_cdc.o(i.USBD_CDC_SetTxBuffer)
    i.USBD_CDC_Setup                         0x08003474   Section        0  usbd_cdc.o(i.USBD_CDC_Setup)
    i.USBD_CDC_TransmitPacket                0x080034ec   Section        0  usbd_cdc.o(i.USBD_CDC_TransmitPacket)
    i.USBD_CUSTOM_HID_DataIn                 0x0800351a   Section        0  usbd_customhid.o(i.USBD_CUSTOM_HID_DataIn)
    i.USBD_CUSTOM_HID_DataOut                0x0800352c   Section        0  usbd_customhid.o(i.USBD_CUSTOM_HID_DataOut)
    i.USBD_CUSTOM_HID_DeInit                 0x08003554   Section        0  usbd_customhid.o(i.USBD_CUSTOM_HID_DeInit)
    i.USBD_CUSTOM_HID_EP0_RxReady            0x08003588   Section        0  usbd_customhid.o(i.USBD_CUSTOM_HID_EP0_RxReady)
    i.USBD_CUSTOM_HID_Init                   0x080035ae   Section        0  usbd_customhid.o(i.USBD_CUSTOM_HID_Init)
    i.USBD_CUSTOM_HID_RegisterInterface      0x08003600   Section        0  usbd_customhid.o(i.USBD_CUSTOM_HID_RegisterInterface)
    i.USBD_CUSTOM_HID_SendReport             0x08003616   Section        0  usbd_customhid.o(i.USBD_CUSTOM_HID_SendReport)
    i.USBD_CUSTOM_HID_Setup                  0x08003644   Section        0  usbd_customhid.o(i.USBD_CUSTOM_HID_Setup)
    i.USBD_ClrClassConfig                    0x08003700   Section        0  usbd_core.o(i.USBD_ClrClassConfig)
    i.USBD_CtlContinueRx                     0x08003710   Section        0  usbd_ioreq.o(i.USBD_CtlContinueRx)
    i.USBD_CtlContinueSendData               0x08003720   Section        0  usbd_ioreq.o(i.USBD_CtlContinueSendData)
    i.USBD_CtlError                          0x08003730   Section        0  usbd_ctlreq.o(i.USBD_CtlError)
    i.USBD_CtlPrepareRx                      0x08003744   Section        0  usbd_ioreq.o(i.USBD_CtlPrepareRx)
    i.USBD_CtlReceiveStatus                  0x08003764   Section        0  usbd_ioreq.o(i.USBD_CtlReceiveStatus)
    i.USBD_CtlSendData                       0x0800377c   Section        0  usbd_ioreq.o(i.USBD_CtlSendData)
    i.USBD_CtlSendStatus                     0x08003798   Section        0  usbd_ioreq.o(i.USBD_CtlSendStatus)
    i.USBD_FS_ConfigStrDescriptor            0x080037b0   Section        0  usbd_desc.o(i.USBD_FS_ConfigStrDescriptor)
    i.USBD_FS_DeviceDescriptor               0x080037d4   Section        0  usbd_desc.o(i.USBD_FS_DeviceDescriptor)
    i.USBD_FS_InterfaceStrDescriptor         0x080037e0   Section        0  usbd_desc.o(i.USBD_FS_InterfaceStrDescriptor)
    i.USBD_FS_LangIDStrDescriptor            0x08003808   Section        0  usbd_desc.o(i.USBD_FS_LangIDStrDescriptor)
    i.USBD_FS_ManufacturerStrDescriptor      0x08003814   Section        0  usbd_desc.o(i.USBD_FS_ManufacturerStrDescriptor)
    i.USBD_FS_ProductStrDescriptor           0x0800383c   Section        0  usbd_desc.o(i.USBD_FS_ProductStrDescriptor)
    i.USBD_FS_SerialStrDescriptor            0x08003860   Section        0  usbd_desc.o(i.USBD_FS_SerialStrDescriptor)
    i.USBD_GetDescriptor                     0x08003884   Section        0  usbd_ctlreq.o(i.USBD_GetDescriptor)
    USBD_GetDescriptor                       0x08003885   Thumb Code   238  usbd_ctlreq.o(i.USBD_GetDescriptor)
    i.USBD_GetString                         0x08003972   Section        0  usbd_ctlreq.o(i.USBD_GetString)
    i.USBD_Init                              0x080039b6   Section        0  usbd_core.o(i.USBD_Init)
    i.USBD_LL_ClearStallEP                   0x080039e8   Section        0  usbd_conf.o(i.USBD_LL_ClearStallEP)
    i.USBD_LL_CloseEP                        0x080039fa   Section        0  usbd_conf.o(i.USBD_LL_CloseEP)
    i.USBD_LL_DataInStage                    0x08003a0c   Section        0  usbd_core.o(i.USBD_LL_DataInStage)
    i.USBD_LL_DataOutStage                   0x08003ac2   Section        0  usbd_core.o(i.USBD_LL_DataOutStage)
    i.USBD_LL_GetRxDataSize                  0x08003b36   Section        0  usbd_conf.o(i.USBD_LL_GetRxDataSize)
    i.USBD_LL_Init                           0x08003b48   Section        0  usbd_conf.o(i.USBD_LL_Init)
    i.USBD_LL_IsStallEP                      0x08003be8   Section        0  usbd_conf.o(i.USBD_LL_IsStallEP)
    i.USBD_LL_OpenEP                         0x08003c0c   Section        0  usbd_conf.o(i.USBD_LL_OpenEP)
    i.USBD_LL_PrepareReceive                 0x08003c24   Section        0  usbd_conf.o(i.USBD_LL_PrepareReceive)
    i.USBD_LL_Reset                          0x08003c36   Section        0  usbd_core.o(i.USBD_LL_Reset)
    i.USBD_LL_Resume                         0x08003c7c   Section        0  usbd_core.o(i.USBD_LL_Resume)
    i.USBD_LL_SOF                            0x08003c88   Section        0  usbd_core.o(i.USBD_LL_SOF)
    i.USBD_LL_SetSpeed                       0x08003ca6   Section        0  usbd_core.o(i.USBD_LL_SetSpeed)
    i.USBD_LL_SetUSBAddress                  0x08003cac   Section        0  usbd_conf.o(i.USBD_LL_SetUSBAddress)
    i.USBD_LL_SetupStage                     0x08003cbe   Section        0  usbd_core.o(i.USBD_LL_SetupStage)
    i.USBD_LL_StallEP                        0x08003d1c   Section        0  usbd_conf.o(i.USBD_LL_StallEP)
    i.USBD_LL_Start                          0x08003d2e   Section        0  usbd_conf.o(i.USBD_LL_Start)
    i.USBD_LL_Suspend                        0x08003d40   Section        0  usbd_core.o(i.USBD_LL_Suspend)
    i.USBD_LL_Transmit                       0x08003d50   Section        0  usbd_conf.o(i.USBD_LL_Transmit)
    i.USBD_ParseSetupRequest                 0x08003d62   Section        0  usbd_ctlreq.o(i.USBD_ParseSetupRequest)
    i.USBD_RegisterClass                     0x08003d8a   Section        0  usbd_core.o(i.USBD_RegisterClass)
    i.USBD_SetClassConfig                    0x08003da0   Section        0  usbd_core.o(i.USBD_SetClassConfig)
    i.USBD_SetConfig                         0x08003dbc   Section        0  usbd_ctlreq.o(i.USBD_SetConfig)
    USBD_SetConfig                           0x08003dbd   Thumb Code   108  usbd_ctlreq.o(i.USBD_SetConfig)
    i.USBD_Start                             0x08003e2c   Section        0  usbd_core.o(i.USBD_Start)
    i.USBD_StdDevReq                         0x08003e36   Section        0  usbd_ctlreq.o(i.USBD_StdDevReq)
    i.USBD_StdEPReq                          0x08003f24   Section        0  usbd_ctlreq.o(i.USBD_StdEPReq)
    i.USBD_StdItfReq                         0x0800400e   Section        0  usbd_ctlreq.o(i.USBD_StdItfReq)
    i.USBD_static_free                       0x08004048   Section        0  usbd_conf.o(i.USBD_static_free)
    i.USBD_static_malloc                     0x0800404c   Section        0  usbd_conf.o(i.USBD_static_malloc)
    i.USB_IRQHandler                         0x08004054   Section        0  stm32f0xx_it.o(i.USB_IRQHandler)
    i.USER_UART_IRQHandler                   0x08004064   Section        0  handler.o(i.USER_UART_IRQHandler)
    i.__ARM_common_switch8                   0x08004104   Section        0  usbd_ctlreq.o(i.__ARM_common_switch8)
    i.__scatterload_copy                     0x0800411e   Section       14  handlers.o(i.__scatterload_copy)
    i.__scatterload_null                     0x0800412c   Section        2  handlers.o(i.__scatterload_null)
    i.__scatterload_zeroinit                 0x0800412e   Section       14  handlers.o(i.__scatterload_zeroinit)
    i.blinkRX                                0x0800413c   Section        0  main.o(i.blinkRX)
    i.blinkTX                                0x08004158   Section        0  main.o(i.blinkTX)
    i.cdcTransmit                            0x08004174   Section        0  main.o(i.cdcTransmit)
    i.main                                   0x080041d8   Section        0  main.o(i.main)
    i.spiTransmit                            0x080042bc   Section        0  main.o(i.spiTransmit)
    i.uartTransmit                           0x08004320   Section        0  main.o(i.uartTransmit)
    i.usbTransmit                            0x0800438c   Section        0  main.o(i.usbTransmit)
    .constdata                               0x08004404   Section       16  system_stm32f0xx.o(.constdata)
    .constdata                               0x08004414   Section        8  system_stm32f0xx.o(.constdata)
    .data                                    0x20000000   Section      219  usbd_cdc.o(.data)
    ifalt                                    0x20000000   Data           1  usbd_cdc.o(.data)
    USBD_CDC_DeviceQualifierDesc             0x20000004   Data          10  usbd_cdc.o(.data)
    .data                                    0x200000db   Section        1  usbd_ctlreq.o(.data)
    cfgidx                                   0x200000db   Data           1  usbd_ctlreq.o(.data)
    .data                                    0x200000dc   Section      126  usbd_cdc_hid.o(.data)
    USBD_CDC_HID_CfgDesc                     0x200000e4   Data         107  usbd_cdc_hid.o(.data)
    USBD_CDC_HID_DeviceQualifierDesc         0x20000150   Data          10  usbd_cdc_hid.o(.data)
    .data                                    0x2000015c   Section       60  usbd_cdc_hid.o(.data)
    .data                                    0x20000198   Section       66  usbd_customhid.o(.data)
    USBD_CUSTOM_HID_CfgDesc                  0x20000198   Data          41  usbd_customhid.o(.data)
    USBD_CUSTOM_HID_Desc                     0x200001c4   Data           9  usbd_customhid.o(.data)
    USBD_CUSTOM_HID_DeviceQualifierDesc      0x200001d0   Data          10  usbd_customhid.o(.data)
    .data                                    0x200001dc   Section        4  system_stm32f0xx.o(.data)
    .data                                    0x200001e0   Section        4  stm32f0xx_hal.o(.data)
    .data                                    0x200001e4   Section       12  main.o(.data)
    .data                                    0x200001f0   Section        1  main.o(.data)
    .data                                    0x200001f1   Section        1  main.o(.data)
    .data                                    0x200001f2   Section        1  main.o(.data)
    .data                                    0x200001f4   Section       16  usbd_cdc_if.o(.data)
    .data                                    0x20000204   Section        8  usbd_cdc_if.o(.data)
    .data                                    0x2000020c   Section       28  usbd_desc.o(.data)
    .data                                    0x20000228   Section       22  usbd_desc.o(.data)
    .data                                    0x20000240   Section       98  usbd_custom_hid_if.o(.data)
    CUSTOM_HID_ReportDesc_FS                 0x20000240   Data          98  usbd_custom_hid_if.o(.data)
    .data                                    0x200002a4   Section       16  usbd_custom_hid_if.o(.data)
    .bss                                     0x200002b4   Section      800  main.o(.bss)
    .bss                                     0x200005d4   Section      100  spi.o(.bss)
    .bss                                     0x20000638   Section      112  usart.o(.bss)
    .bss                                     0x200006a8   Section      120  tim.o(.bss)
    .bss                                     0x20000720   Section      548  usb_device.o(.bss)
    .bss                                     0x20000944   Section      696  usbd_conf.o(.bss)
    mem                                      0x20000944   Data         152  usbd_conf.o(.bss)
    .bss                                     0x20000bfc   Section      512  usbd_desc.o(.bss)
    STACK                                    0x20000e00   Section     1024  startup_stm32f042x6.o(STACK)

    Global Symbols

    Symbol Name                              Value     Ov Type        Size  Object(Section)

    BuildAttributes$$THM_ISAv3M$S$PE$A:L22$X:L11$S22$IEEE1$IW$USESV6$~STKCKD$USESV7$~SHL$OSPACE$EBA8$MICROLIB$REQ8$PRES8$EABIv2 0x00000000   Number         0  anon$$obj.o ABSOLUTE
    __ARM_use_no_argv                        0x00000000   Number         0  main.o ABSOLUTE
    __cpp_initialize__aeabi_                  - Undefined Weak Reference
    __cxa_finalize                            - Undefined Weak Reference
    _clock_init                               - Undefined Weak Reference
    _microlib_exit                            - Undefined Weak Reference
    __Vectors_Size                           0x000000c0   Number         0  startup_stm32f042x6.o ABSOLUTE
    __Vectors                                0x08000000   Data           4  startup_stm32f042x6.o(RESET)
    __Vectors_End                            0x080000c0   Data           0  startup_stm32f042x6.o(RESET)
    __main                                   0x080000c1   Thumb Code     0  entry.o(.ARM.Collect$$$$00000000)
    _main_stk                                0x080000c1   Thumb Code     0  entry2.o(.ARM.Collect$$$$00000001)
    _main_scatterload                        0x080000c5   Thumb Code     0  entry5.o(.ARM.Collect$$$$00000004)
    __main_after_scatterload                 0x080000c9   Thumb Code     0  entry5.o(.ARM.Collect$$$$00000004)
    _main_clock                              0x080000c9   Thumb Code     0  entry7b.o(.ARM.Collect$$$$00000008)
    _main_cpp_init                           0x080000c9   Thumb Code     0  entry8b.o(.ARM.Collect$$$$0000000A)
    _main_init                               0x080000c9   Thumb Code     0  entry9a.o(.ARM.Collect$$$$0000000B)
    __rt_final_cpp                           0x080000d1   Thumb Code     0  entry10a.o(.ARM.Collect$$$$0000000D)
    __rt_final_exit                          0x080000d1   Thumb Code     0  entry11a.o(.ARM.Collect$$$$0000000F)
    Reset_Handler                            0x080000d5   Thumb Code    38  startup_stm32f042x6.o(.text)
    ADC1_IRQHandler                          0x08000105   Thumb Code     0  startup_stm32f042x6.o(.text)
    CEC_CAN_IRQHandler                       0x08000105   Thumb Code     0  startup_stm32f042x6.o(.text)
    DMA1_Channel1_IRQHandler                 0x08000105   Thumb Code     0  startup_stm32f042x6.o(.text)
    DMA1_Channel2_3_IRQHandler               0x08000105   Thumb Code     0  startup_stm32f042x6.o(.text)
    DMA1_Channel4_5_IRQHandler               0x08000105   Thumb Code     0  startup_stm32f042x6.o(.text)
    EXTI0_1_IRQHandler                       0x08000105   Thumb Code     0  startup_stm32f042x6.o(.text)
    EXTI2_3_IRQHandler                       0x08000105   Thumb Code     0  startup_stm32f042x6.o(.text)
    EXTI4_15_IRQHandler                      0x08000105   Thumb Code     0  startup_stm32f042x6.o(.text)
    FLASH_IRQHandler                         0x08000105   Thumb Code     0  startup_stm32f042x6.o(.text)
    I2C1_IRQHandler                          0x08000105   Thumb Code     0  startup_stm32f042x6.o(.text)
    PVD_VDDIO2_IRQHandler                    0x08000105   Thumb Code     0  startup_stm32f042x6.o(.text)
    RCC_CRS_IRQHandler                       0x08000105   Thumb Code     0  startup_stm32f042x6.o(.text)
    RTC_IRQHandler                           0x08000105   Thumb Code     0  startup_stm32f042x6.o(.text)
    SPI2_IRQHandler                          0x08000105   Thumb Code     0  startup_stm32f042x6.o(.text)
    TIM16_IRQHandler                         0x08000105   Thumb Code     0  startup_stm32f042x6.o(.text)
    TIM17_IRQHandler                         0x08000105   Thumb Code     0  startup_stm32f042x6.o(.text)
    TIM1_BRK_UP_TRG_COM_IRQHandler           0x08000105   Thumb Code     0  startup_stm32f042x6.o(.text)
    TIM1_CC_IRQHandler                       0x08000105   Thumb Code     0  startup_stm32f042x6.o(.text)
    TIM2_IRQHandler                          0x08000105   Thumb Code     0  startup_stm32f042x6.o(.text)
    TSC_IRQHandler                           0x08000105   Thumb Code     0  startup_stm32f042x6.o(.text)
    USART2_IRQHandler                        0x08000105   Thumb Code     0  startup_stm32f042x6.o(.text)
    WWDG_IRQHandler                          0x08000105   Thumb Code     0  startup_stm32f042x6.o(.text)
    __aeabi_uidiv                            0x0800012d   Thumb Code     0  uidiv.o(.text)
    __aeabi_uidivmod                         0x0800012d   Thumb Code    44  uidiv.o(.text)
    __aeabi_memset                           0x08000159   Thumb Code    14  memseta.o(.text)
    __aeabi_memset4                          0x08000159   Thumb Code     0  memseta.o(.text)
    __aeabi_memset8                          0x08000159   Thumb Code     0  memseta.o(.text)
    __aeabi_memclr                           0x08000167   Thumb Code     4  memseta.o(.text)
    __aeabi_memclr4                          0x08000167   Thumb Code     0  memseta.o(.text)
    __aeabi_memclr8                          0x08000167   Thumb Code     0  memseta.o(.text)
    _memset$wrapper                          0x0800016b   Thumb Code    18  memseta.o(.text)
    __scatterload                            0x0800017d   Thumb Code    28  init.o(.text)
    __scatterload_rt2                        0x0800017d   Thumb Code     0  init.o(.text)
    __decompress                             0x080001a1   Thumb Code     0  __dczerorl2.o(.text)
    __decompress1                            0x080001a1   Thumb Code    86  __dczerorl2.o(.text)
    CDC_Transmit_FS                          0x08000271   Thumb Code    34  usbd_cdc_if.o(i.CDC_Transmit_FS)
    Error_Handler                            0x08000385   Thumb Code     2  main.o(i.Error_Handler)
    HAL_Delay                                0x08000387   Thumb Code    22  stm32f0xx_hal.o(i.HAL_Delay)
    HAL_GPIO_Init                            0x0800039d   Thumb Code   294  stm32f0xx_hal_gpio.o(i.HAL_GPIO_Init)
    HAL_GPIO_WritePin                        0x080004d9   Thumb Code    12  stm32f0xx_hal_gpio.o(i.HAL_GPIO_WritePin)
    HAL_GetTick                              0x080004e5   Thumb Code     6  stm32f0xx_hal.o(i.HAL_GetTick)
    HAL_IncTick                              0x080004f1   Thumb Code    10  stm32f0xx_hal.o(i.HAL_IncTick)
    HAL_Init                                 0x08000501   Thumb Code    26  stm32f0xx_hal.o(i.HAL_Init)
    HAL_InitTick                             0x08000521   Thumb Code    34  stm32f0xx_hal.o(i.HAL_InitTick)
    HAL_MspInit                              0x08000545   Thumb Code    50  stm32f0xx_hal_msp.o(i.HAL_MspInit)
    HAL_NVIC_EnableIRQ                       0x0800057d   Thumb Code    14  stm32f0xx_hal_cortex.o(i.HAL_NVIC_EnableIRQ)
    HAL_NVIC_SetPriority                     0x08000591   Thumb Code     8  stm32f0xx_hal_cortex.o(i.HAL_NVIC_SetPriority)
    HAL_PCDEx_PMAConfig                      0x08000599   Thumb Code    58  stm32f0xx_hal_pcd_ex.o(i.HAL_PCDEx_PMAConfig)
    HAL_PCD_DataInStageCallback              0x080005d3   Thumb Code    24  usbd_conf.o(i.HAL_PCD_DataInStageCallback)
    HAL_PCD_DataOutStageCallback             0x080005eb   Thumb Code    28  usbd_conf.o(i.HAL_PCD_DataOutStageCallback)
    HAL_PCD_EP_Close                         0x08000609   Thumb Code   346  stm32f0xx_hal_pcd.o(i.HAL_PCD_EP_Close)
    HAL_PCD_EP_ClrStall                      0x08000771   Thumb Code   166  stm32f0xx_hal_pcd.o(i.HAL_PCD_EP_ClrStall)
    HAL_PCD_EP_GetRxCount                    0x08000825   Thumb Code    20  stm32f0xx_hal_pcd.o(i.HAL_PCD_EP_GetRxCount)
    HAL_PCD_EP_Open                          0x08000839   Thumb Code   652  stm32f0xx_hal_pcd.o(i.HAL_PCD_EP_Open)
    HAL_PCD_EP_Receive                       0x08000add   Thumb Code   300  stm32f0xx_hal_pcd.o(i.HAL_PCD_EP_Receive)
    HAL_PCD_EP_SetStall                      0x08000c15   Thumb Code   136  stm32f0xx_hal_pcd.o(i.HAL_PCD_EP_SetStall)
    HAL_PCD_EP_Transmit                      0x08000ca9   Thumb Code   380  stm32f0xx_hal_pcd.o(i.HAL_PCD_EP_Transmit)
    HAL_PCD_IRQHandler                       0x08000e35   Thumb Code   238  stm32f0xx_hal_pcd.o(i.HAL_PCD_IRQHandler)
    HAL_PCD_Init                             0x08000f41   Thumb Code   154  stm32f0xx_hal_pcd.o(i.HAL_PCD_Init)
    HAL_PCD_MspInit                          0x08000fdd   Thumb Code    46  usbd_conf.o(i.HAL_PCD_MspInit)
    HAL_PCD_ResetCallback                    0x08001015   Thumb Code    24  usbd_conf.o(i.HAL_PCD_ResetCallback)
    HAL_PCD_ResumeCallback                   0x0800102d   Thumb Code    38  usbd_conf.o(i.HAL_PCD_ResumeCallback)
    HAL_PCD_SOFCallback                      0x08001059   Thumb Code    16  usbd_conf.o(i.HAL_PCD_SOFCallback)
    HAL_PCD_SetAddress                       0x08001069   Thumb Code    44  stm32f0xx_hal_pcd.o(i.HAL_PCD_SetAddress)
    HAL_PCD_SetupStageCallback               0x08001095   Thumb Code    22  usbd_conf.o(i.HAL_PCD_SetupStageCallback)
    HAL_PCD_Start                            0x080010ab   Thumb Code    18  stm32f0xx_hal_pcd.o(i.HAL_PCD_Start)
    HAL_PCD_SuspendCallback                  0x080010bd   Thumb Code    34  usbd_conf.o(i.HAL_PCD_SuspendCallback)
    HAL_RCCEx_PeriphCLKConfig                0x080010e5   Thumb Code   254  stm32f0xx_hal_rcc_ex.o(i.HAL_RCCEx_PeriphCLKConfig)
    HAL_RCC_ClockConfig                      0x080011f1   Thumb Code   320  stm32f0xx_hal_rcc.o(i.HAL_RCC_ClockConfig)
    HAL_RCC_GetHCLKFreq                      0x08001345   Thumb Code     6  stm32f0xx_hal_rcc.o(i.HAL_RCC_GetHCLKFreq)
    HAL_RCC_GetPCLK1Freq                     0x08001351   Thumb Code    20  stm32f0xx_hal_rcc.o(i.HAL_RCC_GetPCLK1Freq)
    HAL_RCC_GetSysClockFreq                  0x08001371   Thumb Code    90  stm32f0xx_hal_rcc.o(i.HAL_RCC_GetSysClockFreq)
    HAL_RCC_OscConfig                        0x080013f9   Thumb Code   966  stm32f0xx_hal_rcc.o(i.HAL_RCC_OscConfig)
    HAL_SPI_ErrorCallback                    0x080017d1   Thumb Code     2  stm32f0xx_hal_spi.o(i.HAL_SPI_ErrorCallback)
    HAL_SPI_IRQHandler                       0x080017d3   Thumb Code   138  stm32f0xx_hal_spi.o(i.HAL_SPI_IRQHandler)
    HAL_SPI_Init                             0x0800185d   Thumb Code   204  stm32f0xx_hal_spi.o(i.HAL_SPI_Init)
    HAL_SPI_MspInit                          0x0800192d   Thumb Code    76  spi.o(i.HAL_SPI_MspInit)
    HAL_SPI_TransmitReceive                  0x08001981   Thumb Code   710  stm32f0xx_hal_spi.o(i.HAL_SPI_TransmitReceive)
    HAL_SYSTICK_CLKSourceConfig              0x08001c51   Thumb Code    20  stm32f0xx_hal_cortex.o(i.HAL_SYSTICK_CLKSourceConfig)
    HAL_SYSTICK_Callback                     0x08001c69   Thumb Code     2  stm32f0xx_hal_cortex.o(i.HAL_SYSTICK_Callback)
    HAL_SYSTICK_Config                       0x08001c6d   Thumb Code    38  stm32f0xx_hal_cortex.o(i.HAL_SYSTICK_Config)
    HAL_SYSTICK_IRQHandler                   0x08001c9d   Thumb Code     8  stm32f0xx_hal_cortex.o(i.HAL_SYSTICK_IRQHandler)
    HAL_TIMEx_BreakCallback                  0x08001ca5   Thumb Code     2  stm32f0xx_hal_tim_ex.o(i.HAL_TIMEx_BreakCallback)
    HAL_TIMEx_CommutationCallback            0x08001ca7   Thumb Code     2  stm32f0xx_hal_tim_ex.o(i.HAL_TIMEx_CommutationCallback)
    HAL_TIMEx_MasterConfigSynchronization    0x08001ca9   Thumb Code    72  stm32f0xx_hal_tim_ex.o(i.HAL_TIMEx_MasterConfigSynchronization)
    HAL_TIM_Base_Init                        0x08001cf1   Thumb Code    52  stm32f0xx_hal_tim.o(i.HAL_TIM_Base_Init)
    HAL_TIM_Base_MspInit                     0x08001d25   Thumb Code    78  tim.o(i.HAL_TIM_Base_MspInit)
    HAL_TIM_Base_Start_IT                    0x08001d81   Thumb Code    22  stm32f0xx_hal_tim.o(i.HAL_TIM_Base_Start_IT)
    HAL_TIM_ConfigClockSource                0x08001d97   Thumb Code   238  stm32f0xx_hal_tim.o(i.HAL_TIM_ConfigClockSource)
    HAL_TIM_IC_CaptureCallback               0x08001e85   Thumb Code     2  stm32f0xx_hal_tim.o(i.HAL_TIM_IC_CaptureCallback)
    HAL_TIM_IRQHandler                       0x08001e87   Thumb Code   354  stm32f0xx_hal_tim.o(i.HAL_TIM_IRQHandler)
    HAL_TIM_MspPostInit                      0x08001fe9   Thumb Code    42  tim.o(i.HAL_TIM_MspPostInit)
    HAL_TIM_OC_DelayElapsedCallback          0x0800201d   Thumb Code     2  stm32f0xx_hal_tim.o(i.HAL_TIM_OC_DelayElapsedCallback)
    HAL_TIM_PWM_ConfigChannel                0x0800201f   Thumb Code   208  stm32f0xx_hal_tim.o(i.HAL_TIM_PWM_ConfigChannel)
    HAL_TIM_PWM_Init                         0x080020ef   Thumb Code    52  stm32f0xx_hal_tim.o(i.HAL_TIM_PWM_Init)
    HAL_TIM_PWM_MspInit                      0x08002123   Thumb Code     2  stm32f0xx_hal_tim.o(i.HAL_TIM_PWM_MspInit)
    HAL_TIM_PWM_PulseFinishedCallback        0x08002125   Thumb Code     2  stm32f0xx_hal_tim.o(i.HAL_TIM_PWM_PulseFinishedCallback)
    HAL_TIM_PWM_Start                        0x08002129   Thumb Code    56  stm32f0xx_hal_tim.o(i.HAL_TIM_PWM_Start)
    HAL_TIM_PeriodElapsedCallback            0x0800216d   Thumb Code     2  main.o(i.HAL_TIM_PeriodElapsedCallback)
    HAL_TIM_TriggerCallback                  0x0800216f   Thumb Code     2  stm32f0xx_hal_tim.o(i.HAL_TIM_TriggerCallback)
    HAL_UART_Init                            0x08002171   Thumb Code   108  stm32f0xx_hal_uart.o(i.HAL_UART_Init)
    HAL_UART_MspInit                         0x080021dd   Thumb Code    80  usart.o(i.HAL_UART_MspInit)
    HAL_UART_Receive_IT                      0x08002235   Thumb Code   164  stm32f0xx_hal_uart.o(i.HAL_UART_Receive_IT)
    HAL_UART_RxCpltCallback                  0x080022dd   Thumb Code     2  stm32f0xx_hal_uart.o(i.HAL_UART_RxCpltCallback)
    HAL_UART_Transmit                        0x080022df   Thumb Code   176  stm32f0xx_hal_uart.o(i.HAL_UART_Transmit)
    HAL_UART_TxCpltCallback                  0x0800238f   Thumb Code     2  stm32f0xx_hal_uart.o(i.HAL_UART_TxCpltCallback)
    HardFault_Handler                        0x08002391   Thumb Code     2  stm32f0xx_it.o(i.HardFault_Handler)
    MX_GPIO_Init                             0x08002395   Thumb Code   112  gpio.o(i.MX_GPIO_Init)
    MX_SPI1_Init                             0x0800240d   Thumb Code    68  spi.o(i.MX_SPI1_Init)
    MX_TIM14_Init                            0x08002459   Thumb Code    38  tim.o(i.MX_TIM14_Init)
    MX_TIM3_Init                             0x0800248d   Thumb Code   148  tim.o(i.MX_TIM3_Init)
    MX_USART1_UART_Init                      0x0800252d   Thumb Code    56  usart.o(i.MX_USART1_UART_Init)
    MX_USB_DEVICE_Init                       0x0800256d   Thumb Code    34  usb_device.o(i.MX_USB_DEVICE_Init)
    NMI_Handler                              0x0800259d   Thumb Code     2  stm32f0xx_it.o(i.NMI_Handler)
    PCD_ReadPMA                              0x0800291d   Thumb Code    30  stm32f0xx_hal_pcd.o(i.PCD_ReadPMA)
    PCD_WritePMA                             0x0800293b   Thumb Code    38  stm32f0xx_hal_pcd.o(i.PCD_WritePMA)
    PendSV_Handler                           0x08002961   Thumb Code     2  stm32f0xx_it.o(i.PendSV_Handler)
    SPI1_IRQHandler                          0x08002965   Thumb Code    10  stm32f0xx_it.o(i.SPI1_IRQHandler)
    SVC_Handler                              0x08002add   Thumb Code     2  stm32f0xx_it.o(i.SVC_Handler)
    SysTick_Handler                          0x08002adf   Thumb Code    12  stm32f0xx_it.o(i.SysTick_Handler)
    SystemClock_Config                       0x08002aed   Thumb Code   124  main.o(i.SystemClock_Config)
    SystemInit                               0x08002b6d   Thumb Code    78  system_stm32f0xx.o(i.SystemInit)
    TIM14_IRQHandler                         0x08002bc9   Thumb Code    10  stm32f0xx_it.o(i.TIM14_IRQHandler)
    TIM3_IRQHandler                          0x08002bd9   Thumb Code    10  stm32f0xx_it.o(i.TIM3_IRQHandler)
    TIM_Base_SetConfig                       0x08002be9   Thumb Code   104  stm32f0xx_hal_tim.o(i.TIM_Base_SetConfig)
    TIM_CCxChannelCmd                        0x08002c65   Thumb Code    22  stm32f0xx_hal_tim.o(i.TIM_CCxChannelCmd)
    TIM_ETR_SetConfig                        0x08002c7b   Thumb Code    22  stm32f0xx_hal_tim.o(i.TIM_ETR_SetConfig)
    TIM_OC2_SetConfig                        0x08002d19   Thumb Code   104  stm32f0xx_hal_tim.o(i.TIM_OC2_SetConfig)
    UART_AdvFeatureConfig                    0x08002ead   Thumb Code   202  stm32f0xx_hal_uart.o(i.UART_AdvFeatureConfig)
    UART_CheckIdleState                      0x08002f79   Thumb Code    86  stm32f0xx_hal_uart.o(i.UART_CheckIdleState)
    UART_EndTransmit_IT                      0x08002fd9   Thumb Code    26  stm32f0xx_hal_uart.o(i.UART_EndTransmit_IT)
    UART_SetConfig                           0x08002ff5   Thumb Code   280  stm32f0xx_hal_uart.o(i.UART_SetConfig)
    UART_Transmit_IT                         0x08003125   Thumb Code   102  stm32f0xx_hal_uart.o(i.UART_Transmit_IT)
    UART_WaitOnFlagUntilTimeout              0x0800318b   Thumb Code   178  stm32f0xx_hal_uart.o(i.UART_WaitOnFlagUntilTimeout)
    USART1_IRQHandler                        0x0800323d   Thumb Code    10  stm32f0xx_it.o(i.USART1_IRQHandler)
    USBD_CDC_DataIn                          0x0800324d   Thumb Code    24  usbd_cdc.o(i.USBD_CDC_DataIn)
    USBD_CDC_DataOut                         0x08003265   Thumb Code    46  usbd_cdc.o(i.USBD_CDC_DataOut)
    USBD_CDC_DeInit                          0x08003293   Thumb Code    62  usbd_cdc.o(i.USBD_CDC_DeInit)
    USBD_CDC_EP0_RxReady                     0x080032d1   Thumb Code    42  usbd_cdc.o(i.USBD_CDC_EP0_RxReady)
    USBD_CDC_HID_RegisterInterface           0x08003379   Thumb Code    34  usbd_cdc_hid.o(i.USBD_CDC_HID_RegisterInterface)
    USBD_CDC_Init                            0x080033bd   Thumb Code   100  usbd_cdc.o(i.USBD_CDC_Init)
    USBD_CDC_ReceivePacket                   0x08003421   Thumb Code    32  usbd_cdc.o(i.USBD_CDC_ReceivePacket)
    USBD_CDC_RegisterInterface               0x08003441   Thumb Code    22  usbd_cdc.o(i.USBD_CDC_RegisterInterface)
    USBD_CDC_SetRxBuffer                     0x08003457   Thumb Code    14  usbd_cdc.o(i.USBD_CDC_SetRxBuffer)
    USBD_CDC_SetTxBuffer                     0x08003465   Thumb Code    16  usbd_cdc.o(i.USBD_CDC_SetTxBuffer)
    USBD_CDC_Setup                           0x08003475   Thumb Code   114  usbd_cdc.o(i.USBD_CDC_Setup)
    USBD_CDC_TransmitPacket                  0x080034ed   Thumb Code    46  usbd_cdc.o(i.USBD_CDC_TransmitPacket)
    USBD_CUSTOM_HID_DataIn                   0x0800351b   Thumb Code    18  usbd_customhid.o(i.USBD_CUSTOM_HID_DataIn)
    USBD_CUSTOM_HID_DataOut                  0x0800352d   Thumb Code    40  usbd_customhid.o(i.USBD_CUSTOM_HID_DataOut)
    USBD_CUSTOM_HID_DeInit                   0x08003555   Thumb Code    52  usbd_customhid.o(i.USBD_CUSTOM_HID_DeInit)
    USBD_CUSTOM_HID_EP0_RxReady              0x08003589   Thumb Code    38  usbd_customhid.o(i.USBD_CUSTOM_HID_EP0_RxReady)
    USBD_CUSTOM_HID_Init                     0x080035af   Thumb Code    82  usbd_customhid.o(i.USBD_CUSTOM_HID_Init)
    USBD_CUSTOM_HID_RegisterInterface        0x08003601   Thumb Code    22  usbd_customhid.o(i.USBD_CUSTOM_HID_RegisterInterface)
    USBD_CUSTOM_HID_SendReport               0x08003617   Thumb Code    44  usbd_customhid.o(i.USBD_CUSTOM_HID_SendReport)
    USBD_CUSTOM_HID_Setup                    0x08003645   Thumb Code   182  usbd_customhid.o(i.USBD_CUSTOM_HID_Setup)
    USBD_ClrClassConfig                      0x08003701   Thumb Code    16  usbd_core.o(i.USBD_ClrClassConfig)
    USBD_CtlContinueRx                       0x08003711   Thumb Code    16  usbd_ioreq.o(i.USBD_CtlContinueRx)
    USBD_CtlContinueSendData                 0x08003721   Thumb Code    16  usbd_ioreq.o(i.USBD_CtlContinueSendData)
    USBD_CtlError                            0x08003731   Thumb Code    20  usbd_ctlreq.o(i.USBD_CtlError)
    USBD_CtlPrepareRx                        0x08003745   Thumb Code    32  usbd_ioreq.o(i.USBD_CtlPrepareRx)
    USBD_CtlReceiveStatus                    0x08003765   Thumb Code    24  usbd_ioreq.o(i.USBD_CtlReceiveStatus)
    USBD_CtlSendData                         0x0800377d   Thumb Code    28  usbd_ioreq.o(i.USBD_CtlSendData)
    USBD_CtlSendStatus                       0x08003799   Thumb Code    24  usbd_ioreq.o(i.USBD_CtlSendStatus)
    USBD_FS_ConfigStrDescriptor              0x080037b1   Thumb Code    16  usbd_desc.o(i.USBD_FS_ConfigStrDescriptor)
    USBD_FS_DeviceDescriptor                 0x080037d5   Thumb Code     8  usbd_desc.o(i.USBD_FS_DeviceDescriptor)
    USBD_FS_InterfaceStrDescriptor           0x080037e1   Thumb Code    16  usbd_desc.o(i.USBD_FS_InterfaceStrDescriptor)
    USBD_FS_LangIDStrDescriptor              0x08003809   Thumb Code     8  usbd_desc.o(i.USBD_FS_LangIDStrDescriptor)
    USBD_FS_ManufacturerStrDescriptor        0x08003815   Thumb Code    16  usbd_desc.o(i.USBD_FS_ManufacturerStrDescriptor)
    USBD_FS_ProductStrDescriptor             0x0800383d   Thumb Code    16  usbd_desc.o(i.USBD_FS_ProductStrDescriptor)
    USBD_FS_SerialStrDescriptor              0x08003861   Thumb Code    16  usbd_desc.o(i.USBD_FS_SerialStrDescriptor)
    USBD_GetString                           0x08003973   Thumb Code    68  usbd_ctlreq.o(i.USBD_GetString)
    USBD_Init                                0x080039b7   Thumb Code    50  usbd_core.o(i.USBD_Init)
    USBD_LL_ClearStallEP                     0x080039e9   Thumb Code    18  usbd_conf.o(i.USBD_LL_ClearStallEP)
    USBD_LL_CloseEP                          0x080039fb   Thumb Code    18  usbd_conf.o(i.USBD_LL_CloseEP)
    USBD_LL_DataInStage                      0x08003a0d   Thumb Code   182  usbd_core.o(i.USBD_LL_DataInStage)
    USBD_LL_DataOutStage                     0x08003ac3   Thumb Code   116  usbd_core.o(i.USBD_LL_DataOutStage)
    USBD_LL_GetRxDataSize                    0x08003b37   Thumb Code    16  usbd_conf.o(i.USBD_LL_GetRxDataSize)
    USBD_LL_Init                             0x08003b49   Thumb Code   146  usbd_conf.o(i.USBD_LL_Init)
    USBD_LL_IsStallEP                        0x08003be9   Thumb Code    36  usbd_conf.o(i.USBD_LL_IsStallEP)
    USBD_LL_OpenEP                           0x08003c0d   Thumb Code    24  usbd_conf.o(i.USBD_LL_OpenEP)
    USBD_LL_PrepareReceive                   0x08003c25   Thumb Code    18  usbd_conf.o(i.USBD_LL_PrepareReceive)
    USBD_LL_Reset                            0x08003c37   Thumb Code    70  usbd_core.o(i.USBD_LL_Reset)
    USBD_LL_Resume                           0x08003c7d   Thumb Code    12  usbd_core.o(i.USBD_LL_Resume)
    USBD_LL_SOF                              0x08003c89   Thumb Code    30  usbd_core.o(i.USBD_LL_SOF)
    USBD_LL_SetSpeed                         0x08003ca7   Thumb Code     6  usbd_core.o(i.USBD_LL_SetSpeed)
    USBD_LL_SetUSBAddress                    0x08003cad   Thumb Code    18  usbd_conf.o(i.USBD_LL_SetUSBAddress)
    USBD_LL_SetupStage                       0x08003cbf   Thumb Code    94  usbd_core.o(i.USBD_LL_SetupStage)
    USBD_LL_StallEP                          0x08003d1d   Thumb Code    18  usbd_conf.o(i.USBD_LL_StallEP)
    USBD_LL_Start                            0x08003d2f   Thumb Code    18  usbd_conf.o(i.USBD_LL_Start)
    USBD_LL_Suspend                          0x08003d41   Thumb Code    16  usbd_core.o(i.USBD_LL_Suspend)
    USBD_LL_Transmit                         0x08003d51   Thumb Code    18  usbd_conf.o(i.USBD_LL_Transmit)
    USBD_ParseSetupRequest                   0x08003d63   Thumb Code    40  usbd_ctlreq.o(i.USBD_ParseSetupRequest)
    USBD_RegisterClass                       0x08003d8b   Thumb Code    22  usbd_core.o(i.USBD_RegisterClass)
    USBD_SetClassConfig                      0x08003da1   Thumb Code    28  usbd_core.o(i.USBD_SetClassConfig)
    USBD_Start                               0x08003e2d   Thumb Code    10  usbd_core.o(i.USBD_Start)
    USBD_StdDevReq                           0x08003e37   Thumb Code   238  usbd_ctlreq.o(i.USBD_StdDevReq)
    USBD_StdEPReq                            0x08003f25   Thumb Code   234  usbd_ctlreq.o(i.USBD_StdEPReq)
    USBD_StdItfReq                           0x0800400f   Thumb Code    58  usbd_ctlreq.o(i.USBD_StdItfReq)
    USBD_static_free                         0x08004049   Thumb Code     2  usbd_conf.o(i.USBD_static_free)
    USBD_static_malloc                       0x0800404d   Thumb Code     4  usbd_conf.o(i.USBD_static_malloc)
    USB_IRQHandler                           0x08004055   Thumb Code    10  stm32f0xx_it.o(i.USB_IRQHandler)
    USER_UART_IRQHandler                     0x08004065   Thumb Code   152  handler.o(i.USER_UART_IRQHandler)
    __ARM_common_switch8                     0x08004105   Thumb Code    26  usbd_ctlreq.o(i.__ARM_common_switch8)
    __scatterload_copy                       0x0800411f   Thumb Code    14  handlers.o(i.__scatterload_copy)
    __scatterload_null                       0x0800412d   Thumb Code     2  handlers.o(i.__scatterload_null)
    __scatterload_zeroinit                   0x0800412f   Thumb Code    14  handlers.o(i.__scatterload_zeroinit)
    blinkRX                                  0x0800413d   Thumb Code    14  main.o(i.blinkRX)
    blinkTX                                  0x08004159   Thumb Code    14  main.o(i.blinkTX)
    cdcTransmit                              0x08004175   Thumb Code    86  main.o(i.cdcTransmit)
    main                                     0x080041d9   Thumb Code   200  main.o(i.main)
    spiTransmit                              0x080042bd   Thumb Code    86  main.o(i.spiTransmit)
    uartTransmit                             0x08004321   Thumb Code    96  main.o(i.uartTransmit)
    usbTransmit                              0x0800438d   Thumb Code   112  main.o(i.usbTransmit)
    AHBPrescTable                            0x08004404   Data          16  system_stm32f0xx.o(.constdata)
    APBPrescTable                            0x08004414   Data           8  system_stm32f0xx.o(.constdata)
    Region$$Table$$Base                      0x0800441c   Number         0  anon$$obj.o(Region$$Table)
    Region$$Table$$Limit                     0x0800443c   Number         0  anon$$obj.o(Region$$Table)
    USBD_CDC_CfgHSDesc                       0x20000010   Data          67  usbd_cdc.o(.data)
    USBD_CDC_CfgFSDesc                       0x20000054   Data          67  usbd_cdc.o(.data)
    USBD_CDC_OtherSpeedCfgDesc               0x20000098   Data          67  usbd_cdc.o(.data)
    CDC_HID                                  0x200000dc   Data           8  usbd_cdc_hid.o(.data)
    USBD_CDC_HID                             0x2000015c   Data          60  usbd_cdc_hid.o(.data)
    SystemCoreClock                          0x200001dc   Data           4  system_stm32f0xx.o(.data)
    uwTick                                   0x200001e0   Data           4  stm32f0xx_hal.o(.data)
    rxLed                                    0x200001e4   Data           1  main.o(.data)
    txLed                                    0x200001e5   Data           1  main.o(.data)
    uartBusy                                 0x200001e6   Data           1  main.o(.data)
    countTx                                  0x200001e7   Data           1  main.o(.data)
    readPointerTx                            0x200001e8   Data           1  main.o(.data)
    countRx                                  0x200001e9   Data           1  main.o(.data)
    readPointerRx                            0x200001ea   Data           1  main.o(.data)
    spiCountTx                               0x200001eb   Data           1  main.o(.data)
    spiReadPointerTx                         0x200001ec   Data           1  main.o(.data)
    spiCountRx                               0x200001ed   Data           1  main.o(.data)
    spiWritePointerRx                        0x200001ee   Data           1  main.o(.data)
    spiReadPointerRx                         0x200001ef   Data           1  main.o(.data)
    writePointerTx                           0x200001f0   Data           1  main.o(.data)
    writePointerRx                           0x200001f1   Data           1  main.o(.data)
    spiWritePointerTx                        0x200001f2   Data           1  main.o(.data)
    USBD_Interface_fops_FS                   0x200001f4   Data          16  usbd_cdc_if.o(.data)
    UserRxBufferFS                           0x20000204   Data           4  usbd_cdc_if.o(.data)
    UserTxBufferFS                           0x20000208   Data           4  usbd_cdc_if.o(.data)
    FS_Desc                                  0x2000020c   Data          28  usbd_desc.o(.data)
    USBD_LangIDDesc                          0x20000228   Data           4  usbd_desc.o(.data)
    USBD_FS_DeviceDesc                       0x2000022c   Data          18  usbd_desc.o(.data)
    USBD_CustomHID_fops_FS                   0x200002a4   Data          16  usbd_custom_hid_if.o(.data)
    tmp                                      0x200002b4   Data         160  main.o(.bss)
    uart_tx                                  0x20000354   Data         160  main.o(.bss)
    uart_rx                                  0x200003f4   Data         160  main.o(.bss)
    spi_tx                                   0x20000494   Data         160  main.o(.bss)
    spi_rx                                   0x20000534   Data         160  main.o(.bss)
    hspi1                                    0x200005d4   Data         100  spi.o(.bss)
    huart1                                   0x20000638   Data         112  usart.o(.bss)
    htim3                                    0x200006a8   Data          60  tim.o(.bss)
    htim14                                   0x200006e4   Data          60  tim.o(.bss)
    hUsbDeviceFS                             0x20000720   Data         548  usb_device.o(.bss)
    hpcd_USB_FS                              0x200009dc   Data         544  usbd_conf.o(.bss)
    USBD_StrDesc                             0x20000bfc   Data         512  usbd_desc.o(.bss)
    __initial_sp                             0x20001200   Data           0  startup_stm32f042x6.o(STACK)



==============================================================================

Memory Map of the image

  Image Entry point : 0x080000c1

  Load Region LR_IROM1 (Base: 0x08000000, Size: 0x000046f0, Max: 0x00008000, ABSOLUTE, COMPRESSED[0x00004588])

    Execution Region ER_IROM1 (Base: 0x08000000, Size: 0x0000443c, Max: 0x00008000, ABSOLUTE)

    Base Addr    Size         Type   Attr      Idx    E Section Name        Object

    0x08000000   0x000000c0   Data   RO            3    RESET               startup_stm32f042x6.o
    0x080000c0   0x00000000   Code   RO         4541  * .ARM.Collect$$$$00000000  mc_p.l(entry.o)
    0x080000c0   0x00000004   Code   RO         4550    .ARM.Collect$$$$00000001  mc_p.l(entry2.o)
    0x080000c4   0x00000004   Code   RO         4553    .ARM.Collect$$$$00000004  mc_p.l(entry5.o)
    0x080000c8   0x00000000   Code   RO         4555    .ARM.Collect$$$$00000008  mc_p.l(entry7b.o)
    0x080000c8   0x00000000   Code   RO         4557    .ARM.Collect$$$$0000000A  mc_p.l(entry8b.o)
    0x080000c8   0x00000008   Code   RO         4558    .ARM.Collect$$$$0000000B  mc_p.l(entry9a.o)
    0x080000d0   0x00000000   Code   RO         4560    .ARM.Collect$$$$0000000D  mc_p.l(entry10a.o)
    0x080000d0   0x00000000   Code   RO         4562    .ARM.Collect$$$$0000000F  mc_p.l(entry11a.o)
    0x080000d0   0x00000004   Code   RO         4551    .ARM.Collect$$$$00002712  mc_p.l(entry2.o)
    0x080000d4   0x00000058   Code   RO            4    .text               startup_stm32f042x6.o
    0x0800012c   0x0000002c   Code   RO         4544    .text               mc_p.l(uidiv.o)
    0x08000158   0x00000024   Code   RO         4548    .text               mc_p.l(memseta.o)
    0x0800017c   0x00000024   Code   RO         4564    .text               mc_p.l(init.o)
    0x080001a0   0x00000056   Code   RO         4574    .text               mc_p.l(__dczerorl2.o)
    0x080001f6   0x00000004   Code   RO         4373    i.CDC_Control_FS    usbd_cdc_if.o
    0x080001fa   0x00000004   Code   RO         4374    i.CDC_DeInit_FS     usbd_cdc_if.o
    0x080001fe   0x00000002   PAD
    0x08000200   0x00000024   Code   RO         4375    i.CDC_Init_FS       usbd_cdc_if.o
    0x08000224   0x0000004c   Code   RO         4376    i.CDC_Receive_FS    usbd_cdc_if.o
    0x08000270   0x0000002c   Code   RO         4377    i.CDC_Transmit_FS   usbd_cdc_if.o
    0x0800029c   0x00000004   Code   RO         4485    i.CUSTOM_HID_DeInit_FS  usbd_custom_hid_if.o
    0x080002a0   0x00000004   Code   RO         4486    i.CUSTOM_HID_Init_FS  usbd_custom_hid_if.o
    0x080002a4   0x000000e0   Code   RO         4487    i.CUSTOM_HID_OutEvent_FS  usbd_custom_hid_if.o
    0x08000384   0x00000002   Code   RO         3789    i.Error_Handler     main.o
    0x08000386   0x00000016   Code   RO         1722    i.HAL_Delay         stm32f0xx_hal.o
    0x0800039c   0x0000013c   Code   RO         1839    i.HAL_GPIO_Init     stm32f0xx_hal_gpio.o
    0x080004d8   0x0000000c   Code   RO         1843    i.HAL_GPIO_WritePin  stm32f0xx_hal_gpio.o
    0x080004e4   0x0000000c   Code   RO         1726    i.HAL_GetTick       stm32f0xx_hal.o
    0x080004f0   0x00000010   Code   RO         1727    i.HAL_IncTick       stm32f0xx_hal.o
    0x08000500   0x00000020   Code   RO         1728    i.HAL_Init          stm32f0xx_hal.o
    0x08000520   0x00000022   Code   RO         1729    i.HAL_InitTick      stm32f0xx_hal.o
    0x08000542   0x00000002   PAD
    0x08000544   0x00000038   Code   RO         4016    i.HAL_MspInit       stm32f0xx_hal_msp.o
    0x0800057c   0x00000014   Code   RO         1900    i.HAL_NVIC_EnableIRQ  stm32f0xx_hal_cortex.o
    0x08000590   0x00000008   Code   RO         1904    i.HAL_NVIC_SetPriority  stm32f0xx_hal_cortex.o
    0x08000598   0x0000003a   Code   RO         2128    i.HAL_PCDEx_PMAConfig  stm32f0xx_hal_pcd_ex.o
    0x080005d2   0x00000018   Code   RO         4172    i.HAL_PCD_DataInStageCallback  usbd_conf.o
    0x080005ea   0x0000001c   Code   RO         4173    i.HAL_PCD_DataOutStageCallback  usbd_conf.o
    0x08000606   0x00000002   PAD
    0x08000608   0x00000168   Code   RO         1052    i.HAL_PCD_EP_Close  stm32f0xx_hal_pcd.o
    0x08000770   0x000000b4   Code   RO         1053    i.HAL_PCD_EP_ClrStall  stm32f0xx_hal_pcd.o
    0x08000824   0x00000014   Code   RO         1055    i.HAL_PCD_EP_GetRxCount  stm32f0xx_hal_pcd.o
    0x08000838   0x000002a4   Code   RO         1056    i.HAL_PCD_EP_Open   stm32f0xx_hal_pcd.o
    0x08000adc   0x00000138   Code   RO         1057    i.HAL_PCD_EP_Receive  stm32f0xx_hal_pcd.o
    0x08000c14   0x00000094   Code   RO         1058    i.HAL_PCD_EP_SetStall  stm32f0xx_hal_pcd.o
    0x08000ca8   0x0000018c   Code   RO         1059    i.HAL_PCD_EP_Transmit  stm32f0xx_hal_pcd.o
    0x08000e34   0x0000010c   Code   RO         1061    i.HAL_PCD_IRQHandler  stm32f0xx_hal_pcd.o
    0x08000f40   0x0000009a   Code   RO         1064    i.HAL_PCD_Init      stm32f0xx_hal_pcd.o
    0x08000fda   0x00000002   PAD
    0x08000fdc   0x00000038   Code   RO         4178    i.HAL_PCD_MspInit   usbd_conf.o
    0x08001014   0x00000018   Code   RO         4179    i.HAL_PCD_ResetCallback  usbd_conf.o
    0x0800102c   0x0000002c   Code   RO         4180    i.HAL_PCD_ResumeCallback  usbd_conf.o
    0x08001058   0x00000010   Code   RO         4181    i.HAL_PCD_SOFCallback  usbd_conf.o
    0x08001068   0x0000002c   Code   RO         1070    i.HAL_PCD_SetAddress  stm32f0xx_hal_pcd.o
    0x08001094   0x00000016   Code   RO         4182    i.HAL_PCD_SetupStageCallback  usbd_conf.o
    0x080010aa   0x00000012   Code   RO         1072    i.HAL_PCD_Start     stm32f0xx_hal_pcd.o
    0x080010bc   0x00000028   Code   RO         4183    i.HAL_PCD_SuspendCallback  usbd_conf.o
    0x080010e4   0x0000010c   Code   RO         2988    i.HAL_RCCEx_PeriphCLKConfig  stm32f0xx_hal_rcc_ex.o
    0x080011f0   0x00000154   Code   RO         1626    i.HAL_RCC_ClockConfig  stm32f0xx_hal_rcc.o
    0x08001344   0x0000000c   Code   RO         1631    i.HAL_RCC_GetHCLKFreq  stm32f0xx_hal_rcc.o
    0x08001350   0x00000020   Code   RO         1633    i.HAL_RCC_GetPCLK1Freq  stm32f0xx_hal_rcc.o
    0x08001370   0x00000088   Code   RO         1634    i.HAL_RCC_GetSysClockFreq  stm32f0xx_hal_rcc.o
    0x080013f8   0x000003d8   Code   RO         1637    i.HAL_RCC_OscConfig  stm32f0xx_hal_rcc.o
    0x080017d0   0x00000002   Code   RO         1267    i.HAL_SPI_ErrorCallback  stm32f0xx_hal_spi.o
    0x080017d2   0x0000008a   Code   RO         1270    i.HAL_SPI_IRQHandler  stm32f0xx_hal_spi.o
    0x0800185c   0x000000d0   Code   RO         1271    i.HAL_SPI_Init      stm32f0xx_hal_spi.o
    0x0800192c   0x00000054   Code   RO         3901    i.HAL_SPI_MspInit   spi.o
    0x08001980   0x000002d0   Code   RO         1280    i.HAL_SPI_TransmitReceive  stm32f0xx_hal_spi.o
    0x08001c50   0x00000018   Code   RO         1906    i.HAL_SYSTICK_CLKSourceConfig  stm32f0xx_hal_cortex.o
    0x08001c68   0x00000002   Code   RO         1907    i.HAL_SYSTICK_Callback  stm32f0xx_hal_cortex.o
    0x08001c6a   0x00000002   PAD
    0x08001c6c   0x00000030   Code   RO         1908    i.HAL_SYSTICK_Config  stm32f0xx_hal_cortex.o
    0x08001c9c   0x00000008   Code   RO         1909    i.HAL_SYSTICK_IRQHandler  stm32f0xx_hal_cortex.o
    0x08001ca4   0x00000002   Code   RO         2592    i.HAL_TIMEx_BreakCallback  stm32f0xx_hal_tim_ex.o
    0x08001ca6   0x00000002   Code   RO         2593    i.HAL_TIMEx_CommutationCallback  stm32f0xx_hal_tim_ex.o
    0x08001ca8   0x00000048   Code   RO         2609    i.HAL_TIMEx_MasterConfigSynchronization  stm32f0xx_hal_tim_ex.o
    0x08001cf0   0x00000034   Code   RO         3164    i.HAL_TIM_Base_Init  stm32f0xx_hal_tim.o
    0x08001d24   0x0000005c   Code   RO         4075    i.HAL_TIM_Base_MspInit  tim.o
    0x08001d80   0x00000016   Code   RO         3169    i.HAL_TIM_Base_Start_IT  stm32f0xx_hal_tim.o
    0x08001d96   0x000000ee   Code   RO         3173    i.HAL_TIM_ConfigClockSource  stm32f0xx_hal_tim.o
    0x08001e84   0x00000002   Code   RO         3193    i.HAL_TIM_IC_CaptureCallback  stm32f0xx_hal_tim.o
    0x08001e86   0x00000162   Code   RO         3206    i.HAL_TIM_IRQHandler  stm32f0xx_hal_tim.o
    0x08001fe8   0x00000034   Code   RO         4076    i.HAL_TIM_MspPostInit  tim.o
    0x0800201c   0x00000002   Code   RO         3209    i.HAL_TIM_OC_DelayElapsedCallback  stm32f0xx_hal_tim.o
    0x0800201e   0x000000d0   Code   RO         3230    i.HAL_TIM_PWM_ConfigChannel  stm32f0xx_hal_tim.o
    0x080020ee   0x00000034   Code   RO         3233    i.HAL_TIM_PWM_Init  stm32f0xx_hal_tim.o
    0x08002122   0x00000002   Code   RO         3235    i.HAL_TIM_PWM_MspInit  stm32f0xx_hal_tim.o
    0x08002124   0x00000002   Code   RO         3236    i.HAL_TIM_PWM_PulseFinishedCallback  stm32f0xx_hal_tim.o
    0x08002126   0x00000002   PAD
    0x08002128   0x00000044   Code   RO         3237    i.HAL_TIM_PWM_Start  stm32f0xx_hal_tim.o
    0x0800216c   0x00000002   Code   RO         3790    i.HAL_TIM_PeriodElapsedCallback  main.o
    0x0800216e   0x00000002   Code   RO         3247    i.HAL_TIM_TriggerCallback  stm32f0xx_hal_tim.o
    0x08002170   0x0000006c   Code   RO          809    i.HAL_UART_Init     stm32f0xx_hal_uart.o
    0x080021dc   0x00000058   Code   RO         4037    i.HAL_UART_MspInit  usart.o
    0x08002234   0x000000a8   Code   RO          814    i.HAL_UART_Receive_IT  stm32f0xx_hal_uart.o
    0x080022dc   0x00000002   Code   RO          815    i.HAL_UART_RxCpltCallback  stm32f0xx_hal_uart.o
    0x080022de   0x000000b0   Code   RO          817    i.HAL_UART_Transmit  stm32f0xx_hal_uart.o
    0x0800238e   0x00000002   Code   RO          820    i.HAL_UART_TxCpltCallback  stm32f0xx_hal_uart.o
    0x08002390   0x00000002   Code   RO         3938    i.HardFault_Handler  stm32f0xx_it.o
    0x08002392   0x00000002   PAD
    0x08002394   0x00000078   Code   RO         4124    i.MX_GPIO_Init      gpio.o
    0x0800240c   0x0000004c   Code   RO         3902    i.MX_SPI1_Init      spi.o
    0x08002458   0x00000034   Code   RO         4077    i.MX_TIM14_Init     tim.o
    0x0800248c   0x000000a0   Code   RO         4078    i.MX_TIM3_Init      tim.o
    0x0800252c   0x00000040   Code   RO         4038    i.MX_USART1_UART_Init  usart.o
    0x0800256c   0x00000030   Code   RO         4144    i.MX_USB_DEVICE_Init  usb_device.o
    0x0800259c   0x00000002   Code   RO         3939    i.NMI_Handler       stm32f0xx_it.o
    0x0800259e   0x00000002   PAD
    0x080025a0   0x00000044   Code   RO         1910    i.NVIC_SetPriority  stm32f0xx_hal_cortex.o
    0x080025e4   0x00000338   Code   RO         1075    i.PCD_EP_ISR_Handler  stm32f0xx_hal_pcd.o
    0x0800291c   0x0000001e   Code   RO         1076    i.PCD_ReadPMA       stm32f0xx_hal_pcd.o
    0x0800293a   0x00000026   Code   RO         1077    i.PCD_WritePMA      stm32f0xx_hal_pcd.o
    0x08002960   0x00000002   Code   RO         3940    i.PendSV_Handler    stm32f0xx_it.o
    0x08002962   0x00000002   PAD
    0x08002964   0x00000010   Code   RO         3941    i.SPI1_IRQHandler   stm32f0xx_it.o
    0x08002974   0x00000032   Code   RO         1306    i.SPI_EndRxTxTransaction  stm32f0xx_hal_spi.o
    0x080029a6   0x00000002   PAD
    0x080029a8   0x000000a4   Code   RO         1313    i.SPI_WaitFifoStateUntilTimeout  stm32f0xx_hal_spi.o
    0x08002a4c   0x00000090   Code   RO         1314    i.SPI_WaitFlagStateUntilTimeout  stm32f0xx_hal_spi.o
    0x08002adc   0x00000002   Code   RO         3942    i.SVC_Handler       stm32f0xx_it.o
    0x08002ade   0x0000000c   Code   RO         3943    i.SysTick_Handler   stm32f0xx_it.o
    0x08002aea   0x00000002   PAD
    0x08002aec   0x00000080   Code   RO         3791    i.SystemClock_Config  main.o
    0x08002b6c   0x0000005c   Code   RO          693    i.SystemInit        system_stm32f0xx.o
    0x08002bc8   0x00000010   Code   RO         3944    i.TIM14_IRQHandler  stm32f0xx_it.o
    0x08002bd8   0x00000010   Code   RO         3945    i.TIM3_IRQHandler   stm32f0xx_it.o
    0x08002be8   0x0000007c   Code   RO         3248    i.TIM_Base_SetConfig  stm32f0xx_hal_tim.o
    0x08002c64   0x00000016   Code   RO         3249    i.TIM_CCxChannelCmd  stm32f0xx_hal_tim.o
    0x08002c7a   0x00000016   Code   RO         3255    i.TIM_ETR_SetConfig  stm32f0xx_hal_tim.o
    0x08002c90   0x00000010   Code   RO         3256    i.TIM_ITRx_SetConfig  stm32f0xx_hal_tim.o
    0x08002ca0   0x00000078   Code   RO         3257    i.TIM_OC1_SetConfig  stm32f0xx_hal_tim.o
    0x08002d18   0x00000074   Code   RO         3258    i.TIM_OC2_SetConfig  stm32f0xx_hal_tim.o
    0x08002d8c   0x00000078   Code   RO         3259    i.TIM_OC3_SetConfig  stm32f0xx_hal_tim.o
    0x08002e04   0x00000060   Code   RO         3260    i.TIM_OC4_SetConfig  stm32f0xx_hal_tim.o
    0x08002e64   0x00000022   Code   RO         3262    i.TIM_TI1_ConfigInputStage  stm32f0xx_hal_tim.o
    0x08002e86   0x00000026   Code   RO         3264    i.TIM_TI2_ConfigInputStage  stm32f0xx_hal_tim.o
    0x08002eac   0x000000ca   Code   RO          822    i.UART_AdvFeatureConfig  stm32f0xx_hal_uart.o
    0x08002f76   0x00000002   PAD
    0x08002f78   0x00000060   Code   RO          823    i.UART_CheckIdleState  stm32f0xx_hal_uart.o
    0x08002fd8   0x0000001a   Code   RO          829    i.UART_EndTransmit_IT  stm32f0xx_hal_uart.o
    0x08002ff2   0x00000002   PAD
    0x08002ff4   0x00000130   Code   RO          831    i.UART_SetConfig    stm32f0xx_hal_uart.o
    0x08003124   0x00000066   Code   RO          832    i.UART_Transmit_IT  stm32f0xx_hal_uart.o
    0x0800318a   0x000000b2   Code   RO          833    i.UART_WaitOnFlagUntilTimeout  stm32f0xx_hal_uart.o
    0x0800323c   0x00000010   Code   RO         3946    i.USART1_IRQHandler  stm32f0xx_it.o
    0x0800324c   0x00000018   Code   RO          197    i.USBD_CDC_DataIn   usbd_cdc.o
    0x08003264   0x0000002e   Code   RO          198    i.USBD_CDC_DataOut  usbd_cdc.o
    0x08003292   0x0000003e   Code   RO          199    i.USBD_CDC_DeInit   usbd_cdc.o
    0x080032d0   0x0000002a   Code   RO          200    i.USBD_CDC_EP0_RxReady  usbd_cdc.o
    0x080032fa   0x00000012   Code   RO          528    i.USBD_CDC_HID_DataIn  usbd_cdc_hid.o
    0x0800330c   0x00000012   Code   RO          529    i.USBD_CDC_HID_DataOut  usbd_cdc_hid.o
    0x0800331e   0x00000016   Code   RO          530    i.USBD_CDC_HID_DeInit  usbd_cdc_hid.o
    0x08003334   0x00000012   Code   RO          531    i.USBD_CDC_HID_EP0_RxReady  usbd_cdc_hid.o
    0x08003346   0x00000002   PAD
    0x08003348   0x0000000c   Code   RO          532    i.USBD_CDC_HID_GetCfgDesc  usbd_cdc_hid.o
    0x08003354   0x0000000c   Code   RO          533    i.USBD_CDC_HID_GetDeviceQualifierDesc  usbd_cdc_hid.o
    0x08003360   0x00000016   Code   RO          534    i.USBD_CDC_HID_Init  usbd_cdc_hid.o
    0x08003376   0x00000002   PAD
    0x08003378   0x00000030   Code   RO          535    i.USBD_CDC_HID_RegisterInterface  usbd_cdc_hid.o
    0x080033a8   0x00000014   Code   RO          536    i.USBD_CDC_HID_Setup  usbd_cdc_hid.o
    0x080033bc   0x00000064   Code   RO          205    i.USBD_CDC_Init     usbd_cdc.o
    0x08003420   0x00000020   Code   RO          206    i.USBD_CDC_ReceivePacket  usbd_cdc.o
    0x08003440   0x00000016   Code   RO          207    i.USBD_CDC_RegisterInterface  usbd_cdc.o
    0x08003456   0x0000000e   Code   RO          208    i.USBD_CDC_SetRxBuffer  usbd_cdc.o
    0x08003464   0x00000010   Code   RO          209    i.USBD_CDC_SetTxBuffer  usbd_cdc.o
    0x08003474   0x00000078   Code   RO          210    i.USBD_CDC_Setup    usbd_cdc.o
    0x080034ec   0x0000002e   Code   RO          211    i.USBD_CDC_TransmitPacket  usbd_cdc.o
    0x0800351a   0x00000012   Code   RO          603    i.USBD_CUSTOM_HID_DataIn  usbd_customhid.o
    0x0800352c   0x00000028   Code   RO          604    i.USBD_CUSTOM_HID_DataOut  usbd_customhid.o
    0x08003554   0x00000034   Code   RO          605    i.USBD_CUSTOM_HID_DeInit  usbd_customhid.o
    0x08003588   0x00000026   Code   RO          606    i.USBD_CUSTOM_HID_EP0_RxReady  usbd_customhid.o
    0x080035ae   0x00000052   Code   RO          609    i.USBD_CUSTOM_HID_Init  usbd_customhid.o
    0x08003600   0x00000016   Code   RO          610    i.USBD_CUSTOM_HID_RegisterInterface  usbd_customhid.o
    0x08003616   0x0000002c   Code   RO          611    i.USBD_CUSTOM_HID_SendReport  usbd_customhid.o
    0x08003642   0x00000002   PAD
    0x08003644   0x000000bc   Code   RO          612    i.USBD_CUSTOM_HID_Setup  usbd_customhid.o
    0x08003700   0x00000010   Code   RO          328    i.USBD_ClrClassConfig  usbd_core.o
    0x08003710   0x00000010   Code   RO           12    i.USBD_CtlContinueRx  usbd_ioreq.o
    0x08003720   0x00000010   Code   RO           13    i.USBD_CtlContinueSendData  usbd_ioreq.o
    0x08003730   0x00000014   Code   RO          465    i.USBD_CtlError     usbd_ctlreq.o
    0x08003744   0x00000020   Code   RO           14    i.USBD_CtlPrepareRx  usbd_ioreq.o
    0x08003764   0x00000018   Code   RO           15    i.USBD_CtlReceiveStatus  usbd_ioreq.o
    0x0800377c   0x0000001c   Code   RO           16    i.USBD_CtlSendData  usbd_ioreq.o
    0x08003798   0x00000018   Code   RO           17    i.USBD_CtlSendStatus  usbd_ioreq.o
    0x080037b0   0x00000024   Code   RO         4421    i.USBD_FS_ConfigStrDescriptor  usbd_desc.o
    0x080037d4   0x0000000c   Code   RO         4422    i.USBD_FS_DeviceDescriptor  usbd_desc.o
    0x080037e0   0x00000028   Code   RO         4423    i.USBD_FS_InterfaceStrDescriptor  usbd_desc.o
    0x08003808   0x0000000c   Code   RO         4424    i.USBD_FS_LangIDStrDescriptor  usbd_desc.o
    0x08003814   0x00000028   Code   RO         4425    i.USBD_FS_ManufacturerStrDescriptor  usbd_desc.o
    0x0800383c   0x00000024   Code   RO         4426    i.USBD_FS_ProductStrDescriptor  usbd_desc.o
    0x08003860   0x00000024   Code   RO         4427    i.USBD_FS_SerialStrDescriptor  usbd_desc.o
    0x08003884   0x000000ee   Code   RO          466    i.USBD_GetDescriptor  usbd_ctlreq.o
    0x08003972   0x00000044   Code   RO          467    i.USBD_GetString    usbd_ctlreq.o
    0x080039b6   0x00000032   Code   RO          330    i.USBD_Init         usbd_core.o
    0x080039e8   0x00000012   Code   RO         4184    i.USBD_LL_ClearStallEP  usbd_conf.o
    0x080039fa   0x00000012   Code   RO         4185    i.USBD_LL_CloseEP   usbd_conf.o
    0x08003a0c   0x000000b6   Code   RO          331    i.USBD_LL_DataInStage  usbd_core.o
    0x08003ac2   0x00000074   Code   RO          332    i.USBD_LL_DataOutStage  usbd_core.o
    0x08003b36   0x00000010   Code   RO         4189    i.USBD_LL_GetRxDataSize  usbd_conf.o
    0x08003b46   0x00000002   PAD
    0x08003b48   0x000000a0   Code   RO         4190    i.USBD_LL_Init      usbd_conf.o
    0x08003be8   0x00000024   Code   RO         4191    i.USBD_LL_IsStallEP  usbd_conf.o
    0x08003c0c   0x00000018   Code   RO         4192    i.USBD_LL_OpenEP    usbd_conf.o
    0x08003c24   0x00000012   Code   RO         4193    i.USBD_LL_PrepareReceive  usbd_conf.o
    0x08003c36   0x00000046   Code   RO          337    i.USBD_LL_Reset     usbd_core.o
    0x08003c7c   0x0000000c   Code   RO          338    i.USBD_LL_Resume    usbd_core.o
    0x08003c88   0x0000001e   Code   RO          339    i.USBD_LL_SOF       usbd_core.o
    0x08003ca6   0x00000006   Code   RO          340    i.USBD_LL_SetSpeed  usbd_core.o
    0x08003cac   0x00000012   Code   RO         4194    i.USBD_LL_SetUSBAddress  usbd_conf.o
    0x08003cbe   0x0000005e   Code   RO          341    i.USBD_LL_SetupStage  usbd_core.o
    0x08003d1c   0x00000012   Code   RO         4195    i.USBD_LL_StallEP   usbd_conf.o
    0x08003d2e   0x00000012   Code   RO         4196    i.USBD_LL_Start     usbd_conf.o
    0x08003d40   0x00000010   Code   RO          342    i.USBD_LL_Suspend   usbd_core.o
    0x08003d50   0x00000012   Code   RO         4198    i.USBD_LL_Transmit  usbd_conf.o
    0x08003d62   0x00000028   Code   RO          468    i.USBD_ParseSetupRequest  usbd_ctlreq.o
    0x08003d8a   0x00000016   Code   RO          343    i.USBD_RegisterClass  usbd_core.o
    0x08003da0   0x0000001c   Code   RO          345    i.USBD_SetClassConfig  usbd_core.o
    0x08003dbc   0x00000070   Code   RO          469    i.USBD_SetConfig    usbd_ctlreq.o
    0x08003e2c   0x0000000a   Code   RO          346    i.USBD_Start        usbd_core.o
    0x08003e36   0x000000ee   Code   RO          470    i.USBD_StdDevReq    usbd_ctlreq.o
    0x08003f24   0x000000ea   Code   RO          471    i.USBD_StdEPReq     usbd_ctlreq.o
    0x0800400e   0x0000003a   Code   RO          472    i.USBD_StdItfReq    usbd_ctlreq.o
    0x08004048   0x00000002   Code   RO         4199    i.USBD_static_free  usbd_conf.o
    0x0800404a   0x00000002   PAD
    0x0800404c   0x00000008   Code   RO         4200    i.USBD_static_malloc  usbd_conf.o
    0x08004054   0x00000010   Code   RO         3947    i.USB_IRQHandler    stm32f0xx_it.o
    0x08004064   0x000000a0   Code   RO         4522    i.USER_UART_IRQHandler  handler.o
    0x08004104   0x0000001a   Code   RO          520    i.__ARM_common_switch8  usbd_ctlreq.o
    0x0800411e   0x0000000e   Code   RO         4568    i.__scatterload_copy  mc_p.l(handlers.o)
    0x0800412c   0x00000002   Code   RO         4569    i.__scatterload_null  mc_p.l(handlers.o)
    0x0800412e   0x0000000e   Code   RO         4570    i.__scatterload_zeroinit  mc_p.l(handlers.o)
    0x0800413c   0x0000001c   Code   RO         3792    i.blinkRX           main.o
    0x08004158   0x0000001c   Code   RO         3793    i.blinkTX           main.o
    0x08004174   0x00000064   Code   RO         3794    i.cdcTransmit       main.o
    0x080041d8   0x000000e4   Code   RO         3796    i.main              main.o
    0x080042bc   0x00000064   Code   RO         3797    i.spiTransmit       main.o
    0x08004320   0x0000006c   Code   RO         3798    i.uartTransmit      main.o
    0x0800438c   0x00000078   Code   RO         3799    i.usbTransmit       main.o
    0x08004404   0x00000010   Data   RO          694    .constdata          system_stm32f0xx.o
    0x08004414   0x00000008   Data   RO          695    .constdata          system_stm32f0xx.o
    0x0800441c   0x00000020   Data   RO         4566    Region$$Table       anon$$obj.o


    Execution Region RW_IRAM1 (Base: 0x20000000, Size: 0x00001200, Max: 0x00001800, ABSOLUTE, COMPRESSED[0x0000014c])

    Base Addr    Size         Type   Attr      Idx    E Section Name        Object

    0x20000000   0x000000db   Data   RW          212    .data               usbd_cdc.o
    0x200000db   0x00000001   Data   RW          473    .data               usbd_ctlreq.o
    0x200000dc   0x0000007e   Data   RW          537    .data               usbd_cdc_hid.o
    0x2000015a   0x00000002   PAD
    0x2000015c   0x0000003c   Data   RW          538    .data               usbd_cdc_hid.o
    0x20000198   0x00000042   Data   RW          614    .data               usbd_customhid.o
    0x200001da   0x00000002   PAD
    0x200001dc   0x00000004   Data   RW          696    .data               system_stm32f0xx.o
    0x200001e0   0x00000004   Data   RW         1734    .data               stm32f0xx_hal.o
    0x200001e4   0x0000000c   Data   RW         3801    .data               main.o
    0x200001f0   0x00000001   Data   RW         3802    .data               main.o
    0x200001f1   0x00000001   Data   RW         3803    .data               main.o
    0x200001f2   0x00000001   Data   RW         3804    .data               main.o
    0x200001f3   0x00000001   PAD
    0x200001f4   0x00000010   Data   RW         4378    .data               usbd_cdc_if.o
    0x20000204   0x00000008   Data   RW         4379    .data               usbd_cdc_if.o
    0x2000020c   0x0000001c   Data   RW         4429    .data               usbd_desc.o
    0x20000228   0x00000016   Data   RW         4430    .data               usbd_desc.o
    0x2000023e   0x00000002   PAD
    0x20000240   0x00000062   Data   RW         4488    .data               usbd_custom_hid_if.o
    0x200002a2   0x00000002   PAD
    0x200002a4   0x00000010   Data   RW         4489    .data               usbd_custom_hid_if.o
    0x200002b4   0x00000320   Zero   RW         3800    .bss                main.o
    0x200005d4   0x00000064   Zero   RW         3903    .bss                spi.o
    0x20000638   0x00000070   Zero   RW         4039    .bss                usart.o
    0x200006a8   0x00000078   Zero   RW         4079    .bss                tim.o
    0x20000720   0x00000224   Zero   RW         4145    .bss                usb_device.o
    0x20000944   0x000002b8   Zero   RW         4201    .bss                usbd_conf.o
    0x20000bfc   0x00000200   Zero   RW         4428    .bss                usbd_desc.o
    0x20000dfc   0x00000004   PAD
    0x20000e00   0x00000400   Zero   RW            1    STACK               startup_stm32f042x6.o


==============================================================================

Image component sizes


      Code (inc. data)   RO Data    RW Data    ZI Data      Debug   Object Name

       120          8          0          0          0        887   gpio.o
       160          8          0          0          0        952   handler.o
       844        108          0         15        800       7088   main.o
       160         16          0          0        100       1545   spi.o
        88         38        192          0       1024        644   startup_stm32f042x6.o
       116         18          0          4          0       3583   stm32f0xx_hal.o
       178         28          0          0          0      10515   stm32f0xx_hal_cortex.o
       328         22          0          0          0       2312   stm32f0xx_hal_gpio.o
        56          6          0          0          0        806   stm32f0xx_hal_msp.o
      3468        144          0          0          0      13659   stm32f0xx_hal_pcd.o
        58          0          0          0          0       1234   stm32f0xx_hal_pcd_ex.o
      1504        102          0          0          0       5149   stm32f0xx_hal_rcc.o
       268         14          0          0          0       1484   stm32f0xx_hal_rcc_ex.o
      1426         26          0          0          0       6818   stm32f0xx_hal_spi.o
      1712         82          0          0          0      15442   stm32f0xx_hal_tim.o
        76          0          0          0          0       2302   stm32f0xx_hal_tim_ex.o
      1364         38          0          0          0       8852   stm32f0xx_hal_uart.o
       100         30          0          0          0       4295   stm32f0xx_it.o
        92         14         24          4          0       1371   system_stm32f0xx.o
       356         50          0          0        120       2755   tim.o
       152         16          0          0        112       1574   usart.o
        48         14          0          0        548        688   usb_device.o
       524          6          0        219          0      12019   usbd_cdc.o
       190         22          0        186          0       9391   usbd_cdc_hid.o
       164         38          0         24          0       3403   usbd_cdc_if.o
       626         40          0          0        696      12110   usbd_conf.o
       652          0          0          0          0      13564   usbd_core.o
      1034         34          0          1          0       7828   usbd_ctlreq.o
       232         36          0        114          0       2760   usbd_custom_hid_if.o
       484         18          0         66          0       8576   usbd_customhid.o
       212        116          0         50        512       4867   usbd_desc.o
       140          0          0          0          0     477992   usbd_ioreq.o

    ----------------------------------------------------------------------
     16968       1092        248        692       3916     646465   Object Totals
         0          0         32          0          0          0   (incl. Generated)
        36          0          0          9          4          0   (incl. Padding)

    ----------------------------------------------------------------------

      Code (inc. data)   RO Data    RW Data    ZI Data      Debug   Library Member Name

        86          0          0          0          0          0   __dczerorl2.o
         0          0          0          0          0          0   entry.o
         0          0          0          0          0          0   entry10a.o
         0          0          0          0          0          0   entry11a.o
         8          4          0          0          0          0   entry2.o
         4          0          0          0          0          0   entry5.o
         0          0          0          0          0          0   entry7b.o
         0          0          0          0          0          0   entry8b.o
         8          4          0          0          0          0   entry9a.o
        30          0          0          0          0          0   handlers.o
        36          8          0          0          0         68   init.o
        36          0          0          0          0        100   memseta.o
        44          0          0          0          0         72   uidiv.o

    ----------------------------------------------------------------------
       252         16          0          0          0        240   Library Totals
         0          0          0          0          0          0   (incl. Padding)

    ----------------------------------------------------------------------

      Code (inc. data)   RO Data    RW Data    ZI Data      Debug   Library Name

       252         16          0          0          0        240   mc_p.l

    ----------------------------------------------------------------------
       252         16          0          0          0        240   Library Totals

    ----------------------------------------------------------------------

==============================================================================


      Code (inc. data)   RO Data    RW Data    ZI Data      Debug   

     17220       1108        248        692       3916     638173   Grand Totals
     17220       1108        248        332       3916     638173   ELF Image Totals (compressed)
     17220       1108        248        332          0          0   ROM Totals

==============================================================================

    Total RO  Size (Code + RO Data)                17468 (  17.06kB)
    Total RW  Size (RW Data + ZI Data)              4608 (   4.50kB)
    Total ROM Size (Code + RO Data + RW Data)      17800 (  17.38kB)

==============================================================================

